Archive member included to satisfy reference by file (symbol)

c:/users/parth/chipwh~1/cw/home/portable/armgcc/bin/../lib/gcc/arm-none-eabi/10.2.1/thumb/v7e-m/nofp\libgcc.a(_arm_mulsf3.o)
                              objdir-CWLITEARM/simpleserial-base.o (__aeabi_fmul)
c:/users/parth/chipwh~1/cw/home/portable/armgcc/bin/../lib/gcc/arm-none-eabi/10.2.1/thumb/v7e-m/nofp\libgcc.a(_arm_addsubdf3.o)
                              objdir-CWLITEARM/simpleserial-base.o (__aeabi_dadd)
c:/users/parth/chipwh~1/cw/home/portable/armgcc/bin/../lib/gcc/arm-none-eabi/10.2.1/thumb/v7e-m/nofp\libgcc.a(_arm_muldivdf3.o)
                              objdir-CWLITEARM/simpleserial-base.o (__aeabi_ddiv)
c:/users/parth/chipwh~1/cw/home/portable/armgcc/bin/../lib/gcc/arm-none-eabi/10.2.1/thumb/v7e-m/nofp\libgcc.a(_arm_truncdfsf2.o)
                              objdir-CWLITEARM/simpleserial-base.o (__aeabi_d2f)
c:/users/parth/chipwh~1/cw/home/portable/armgcc/bin/../lib/gcc/arm-none-eabi/10.2.1/thumb/v7e-m/nofp\libgcc.a(_arm_addsubsf3.o)
                              objdir-CWLITEARM/simpleserial-base.o (__aeabi_fsub)
c:/users/parth/chipwh~1/cw/home/portable/armgcc/bin/../lib/gcc/arm-none-eabi/10.2.1/../../../../arm-none-eabi/lib/thumb/v7e-m/nofp\libg_nano.a(lib_a-errno.o)
                              objdir-CWLITEARM/stm32f3_sysmem.o (__errno)
c:/users/parth/chipwh~1/cw/home/portable/armgcc/bin/../lib/gcc/arm-none-eabi/10.2.1/../../../../arm-none-eabi/lib/thumb/v7e-m/nofp\libg_nano.a(lib_a-exit.o)
                              c:/users/parth/chipwh~1/cw/home/portable/armgcc/bin/../lib/gcc/arm-none-eabi/10.2.1/../../../../arm-none-eabi/lib/thumb/v7e-m/nofp/crt0.o (exit)
c:/users/parth/chipwh~1/cw/home/portable/armgcc/bin/../lib/gcc/arm-none-eabi/10.2.1/../../../../arm-none-eabi/lib/thumb/v7e-m/nofp\libg_nano.a(lib_a-fopen.o)
                              objdir-CWLITEARM/simpleserial-base.o (fopen)
c:/users/parth/chipwh~1/cw/home/portable/armgcc/bin/../lib/gcc/arm-none-eabi/10.2.1/../../../../arm-none-eabi/lib/thumb/v7e-m/nofp\libg_nano.a(lib_a-fscanf.o)
                              objdir-CWLITEARM/simpleserial-base.o (fscanf)
c:/users/parth/chipwh~1/cw/home/portable/armgcc/bin/../lib/gcc/arm-none-eabi/10.2.1/../../../../arm-none-eabi/lib/thumb/v7e-m/nofp\libg_nano.a(lib_a-fseek.o)
                              c:/users/parth/chipwh~1/cw/home/portable/armgcc/bin/../lib/gcc/arm-none-eabi/10.2.1/../../../../arm-none-eabi/lib/thumb/v7e-m/nofp\libg_nano.a(lib_a-fopen.o) (_fseek_r)
c:/users/parth/chipwh~1/cw/home/portable/armgcc/bin/../lib/gcc/arm-none-eabi/10.2.1/../../../../arm-none-eabi/lib/thumb/v7e-m/nofp\libg_nano.a(lib_a-fseeko.o)
                              c:/users/parth/chipwh~1/cw/home/portable/armgcc/bin/../lib/gcc/arm-none-eabi/10.2.1/../../../../arm-none-eabi/lib/thumb/v7e-m/nofp\libg_nano.a(lib_a-fseek.o) (_fseeko_r)
c:/users/parth/chipwh~1/cw/home/portable/armgcc/bin/../lib/gcc/arm-none-eabi/10.2.1/../../../../arm-none-eabi/lib/thumb/v7e-m/nofp\libg_nano.a(lib_a-ftello.o)
                              c:/users/parth/chipwh~1/cw/home/portable/armgcc/bin/../lib/gcc/arm-none-eabi/10.2.1/../../../../arm-none-eabi/lib/thumb/v7e-m/nofp\libg_nano.a(lib_a-fseeko.o) (_ftello_r)
c:/users/parth/chipwh~1/cw/home/portable/armgcc/bin/../lib/gcc/arm-none-eabi/10.2.1/../../../../arm-none-eabi/lib/thumb/v7e-m/nofp\libg_nano.a(lib_a-impure.o)
                              c:/users/parth/chipwh~1/cw/home/portable/armgcc/bin/../lib/gcc/arm-none-eabi/10.2.1/../../../../arm-none-eabi/lib/thumb/v7e-m/nofp\libg_nano.a(lib_a-exit.o) (_global_impure_ptr)
c:/users/parth/chipwh~1/cw/home/portable/armgcc/bin/../lib/gcc/arm-none-eabi/10.2.1/../../../../arm-none-eabi/lib/thumb/v7e-m/nofp\libg_nano.a(lib_a-init.o)
                              c:/users/parth/chipwh~1/cw/home/portable/armgcc/bin/../lib/gcc/arm-none-eabi/10.2.1/../../../../arm-none-eabi/lib/thumb/v7e-m/nofp/crt0.o (__libc_init_array)
c:/users/parth/chipwh~1/cw/home/portable/armgcc/bin/../lib/gcc/arm-none-eabi/10.2.1/../../../../arm-none-eabi/lib/thumb/v7e-m/nofp\libg_nano.a(lib_a-lock.o)
                              c:/users/parth/chipwh~1/cw/home/portable/armgcc/bin/../lib/gcc/arm-none-eabi/10.2.1/../../../../arm-none-eabi/lib/thumb/v7e-m/nofp\libg_nano.a(lib_a-fopen.o) (__retarget_lock_close_recursive)
c:/users/parth/chipwh~1/cw/home/portable/armgcc/bin/../lib/gcc/arm-none-eabi/10.2.1/../../../../arm-none-eabi/lib/thumb/v7e-m/nofp\libg_nano.a(lib_a-makebuf.o)
                              c:/users/parth/chipwh~1/cw/home/portable/armgcc/bin/../lib/gcc/arm-none-eabi/10.2.1/../../../../arm-none-eabi/lib/thumb/v7e-m/nofp\libg_nano.a(lib_a-fseeko.o) (__smakebuf_r)
c:/users/parth/chipwh~1/cw/home/portable/armgcc/bin/../lib/gcc/arm-none-eabi/10.2.1/../../../../arm-none-eabi/lib/thumb/v7e-m/nofp\libg_nano.a(lib_a-malloc.o)
                              objdir-CWLITEARM/simpleserial-base.o (malloc)
[...]
Memory Configuration

Name             Origin             Length             Attributes
RAM              0x20000000         0x0000a000         xrw
ROM              0x08000000         0x00040000         xr
*default*        0x00000000         0xffffffff

Linker script and memory map

LOAD c:/users/parth/chipwh~1/cw/home/portable/armgcc/bin/../lib/gcc/arm-none-eabi/10.2.1/thumb/v7e-m/nofp/crti.o
LOAD c:/users/parth/chipwh~1/cw/home/portable/armgcc/bin/../lib/gcc/arm-none-eabi/10.2.1/thumb/v7e-m/nofp/crtbegin.o
LOAD c:/users/parth/chipwh~1/cw/home/portable/armgcc/bin/../lib/gcc/arm-none-eabi/10.2.1/../../../../arm-none-eabi/lib/thumb/v7e-m/nofp/crt0.o
LOAD objdir-CWLITEARM/simpleserial-base.o
LOAD objdir-CWLITEARM/simpleserial.o
LOAD objdir-CWLITEARM/stm32f3_hal.o
LOAD objdir-CWLITEARM/stm32f3_hal_lowlevel.o
LOAD objdir-CWLITEARM/stm32f3_sysmem.o
LOAD objdir-CWLITEARM/stm32f3_startup.o
LOAD c:/users/parth/chipwh~1/cw/home/portable/armgcc/bin/../lib/gcc/arm-none-eabi/10.2.1/../../../../arm-none-eabi/lib/thumb/v7e-m/nofp\libm.a
LOAD c:/users/parth/chipwh~1/cw/home/portable/armgcc/bin/../lib/gcc/arm-none-eabi/10.2.1/../../../../arm-none-eabi/lib/thumb/v7e-m/nofp\libm.a
START GROUP
LOAD c:/users/parth/chipwh~1/cw/home/portable/armgcc/bin/../lib/gcc/arm-none-eabi/10.2.1/thumb/v7e-m/nofp\libgcc.a
LOAD c:/users/parth/chipwh~1/cw/home/portable/armgcc/bin/../lib/gcc/arm-none-eabi/10.2.1/../../../../arm-none-eabi/lib/thumb/v7e-m/nofp\libg_nano.a
LOAD c:/users/parth/chipwh~1/cw/home/portable/armgcc/bin/../lib/gcc/arm-none-eabi/10.2.1/../../../../arm-none-eabi/lib/thumb/v7e-m/nofp\libc_nano.a
END GROUP
START GROUP
LOAD c:/users/parth/chipwh~1/cw/home/portable/armgcc/bin/../lib/gcc/arm-none-eabi/10.2.1/thumb/v7e-m/nofp\libgcc.a
LOAD c:/users/parth/chipwh~1/cw/home/portable/armgcc/bin/../lib/gcc/arm-none-eabi/10.2.1/../../../../arm-none-eabi/lib/thumb/v7e-m/nofp\libc_nano.a
LOAD c:/users/parth/chipwh~1/cw/home/portable/armgcc/bin/../lib/gcc/arm-none-eabi/10.2.1/../../../../arm-none-eabi/lib/thumb/v7e-m/nofp\libnosys.a
END GROUP
START GROUP
LOAD c:/users/parth/chipwh~1/cw/home/portable/armgcc/bin/../lib/gcc/arm-none-eabi/10.2.1/thumb/v7e-m/nofp\libgcc.a
LOAD c:/users/parth/chipwh~1/cw/home/portable/armgcc/bin/../lib/gcc/arm-none-eabi/10.2.1/../../../../arm-none-eabi/lib/thumb/v7e-m/nofp\libc_nano.a
LOAD c:/users/parth/chipwh~1/cw/home/portable/armgcc/bin/../lib/gcc/arm-none-eabi/10.2.1/../../../../arm-none-eabi/lib/thumb/v7e-m/nofp\libnosys.a
END GROUP
LOAD c:/users/parth/chipwh~1/cw/home/portable/armgcc/bin/../lib/gcc/arm-none-eabi/10.2.1/thumb/v7e-m/nofp/crtend.o
LOAD c:/users/parth/chipwh~1/cw/home/portable/armgcc/bin/../lib/gcc/arm-none-eabi/10.2.1/thumb/v7e-m/nofp/crtn.o
                0x20003000                _estack = 0x20003000
                0x00000000                _Min_Heap_Size = 0x0
                0x00000400                _Min_Stack_Size = 0x400

.isr_vector     0x08000000      0x188
                0x08000000                . = ALIGN (0x4)
 *(.isr_vector)
 .isr_vector    0x08000000      0x188 objdir-CWLITEARM/stm32f3_startup.o
                0x08000000                g_pfnVectors
                0x08000188                . = ALIGN (0x4)

.text           0x08000190     0x2a90
                0x08000190                . = ALIGN (0x4)
 *(.text)
 .text          0x08000190       0x40 c:/users/parth/chipwh~1/cw/home/portable/armgcc/bin/../lib/gcc/arm-none-eabi/10.2.1/thumb/v7e-m/nofp/crtbegin.o
 .text          0x080001d0       0xa0 c:/users/parth/chipwh~1/cw/home/portable/armgcc/bin/../lib/gcc/arm-none-eabi/10.2.1/../../../../arm-none-eabi/lib/thumb/v7e-m/nofp\libg_nano.a(lib_a-memchr.o)
                0x080001d0                memchr
 *(.text*)
 .text.get_key  0x08000270        0x4 objdir-CWLITEARM/simpleserial-base.o
                0x08000270                get_key
 .text.get_pt   0x08000274       0xb0 objdir-CWLITEARM/simpleserial-base.o
                0x08000274                get_pt
 .text.reset    0x08000324        0x4 objdir-CWLITEARM/simpleserial-base.o
                0x08000324                reset
 .text.startup.main
                0x08000328       0x44 objdir-CWLITEARM/simpleserial-base.o
                0x08000328                main
 .text.check_version
                0x0800036c        0x4 objdir-CWLITEARM/simpleserial.o
                0x0800036c                check_version
 .text.hex_decode
                0x08000370       0x78 objdir-CWLITEARM/simpleserial.o
                0x08000370                hex_decode
 .text.simpleserial_addcmd_flags
                0x080003e8       0x2c objdir-CWLITEARM/simpleserial.o
                0x080003e8                simpleserial_addcmd_flags
 .text.simpleserial_addcmd
                0x08000414        0x6 objdir-CWLITEARM/simpleserial.o
                0x08000414                simpleserial_addcmd
 *fill*         0x0800041a        0x2 
 .text.simpleserial_init
                0x0800041c       0x2c objdir-CWLITEARM/simpleserial.o
                0x0800041c                simpleserial_init
 .text.simpleserial_put
                0x08000448       0x40 objdir-CWLITEARM/simpleserial.o
                0x08000448                simpleserial_put
 .text.ss_num_commands
                0x08000488       0x24 objdir-CWLITEARM/simpleserial.o
                0x08000488                ss_num_commands
 .text.ss_get_commands
                0x080004ac       0x50 objdir-CWLITEARM/simpleserial.o
                0x080004ac                ss_get_commands
 .text.simpleserial_get
                0x080004fc       0xc8 objdir-CWLITEARM/simpleserial.o
                0x080004fc                simpleserial_get
 .text.platform_init
                0x080005c4       0x80 objdir-CWLITEARM/stm32f3_hal.o
                0x080005c4                platform_init
 .text.init_uart
                0x08000644       0x7c objdir-CWLITEARM/stm32f3_hal.o
                0x08000644                init_uart
 .text.trigger_setup
                0x080006c0       0x48 objdir-CWLITEARM/stm32f3_hal.o
                0x080006c0                trigger_setup
 .text.trigger_high
                0x08000708        0xe objdir-CWLITEARM/stm32f3_hal.o
                0x08000708                trigger_high
 .text.trigger_low
                0x08000716        0xe objdir-CWLITEARM/stm32f3_hal.o
                0x08000716                trigger_low
 .text.getch    0x08000724       0x34 objdir-CWLITEARM/stm32f3_hal.o
                0x08000724                getch
 .text.putch    0x08000758       0x20 objdir-CWLITEARM/stm32f3_hal.o
                0x08000758                putch
 .text.HAL_GetTick
                0x08000778       0x10 objdir-CWLITEARM/stm32f3_hal_lowlevel.o
                0x08000778                HAL_GetTick
 .text.HAL_RCC_OscConfig
                0x08000788      0x4dc objdir-CWLITEARM/stm32f3_hal_lowlevel.o
                0x08000788                HAL_RCC_OscConfig
 .text.HAL_RCC_ClockConfig
                0x08000c64      0x14c objdir-CWLITEARM/stm32f3_hal_lowlevel.o
                0x08000c64                HAL_RCC_ClockConfig
 .text.HAL_GPIO_Init
                0x08000db0      0x188 objdir-CWLITEARM/stm32f3_hal_lowlevel.o
                0x08000db0                HAL_GPIO_Init
 .text.HAL_GPIO_WritePin
                0x08000f38        0xa objdir-CWLITEARM/stm32f3_hal_lowlevel.o
                0x08000f38                HAL_GPIO_WritePin
 *fill*         0x08000f42        0x2 
 .text.UART_SetConfig
                0x08000f44      0x1e0 objdir-CWLITEARM/stm32f3_hal_lowlevel.o
                0x08000f44                UART_SetConfig
 .text.UART_WaitOnFlagUntilTimeout
                0x08001124       0x58 objdir-CWLITEARM/stm32f3_hal_lowlevel.o
                0x08001124                UART_WaitOnFlagUntilTimeout
 .text.UART_CheckIdleState
                0x0800117c       0x64 objdir-CWLITEARM/stm32f3_hal_lowlevel.o
                0x0800117c                UART_CheckIdleState
 .text.HAL_UART_Init
                0x080011e0       0x56 objdir-CWLITEARM/stm32f3_hal_lowlevel.o
                0x080011e0                HAL_UART_Init
 .text.HAL_UART_Transmit
                0x08001236       0xac objdir-CWLITEARM/stm32f3_hal_lowlevel.o
                0x08001236                HAL_UART_Transmit
 .text.HAL_UART_Receive
                0x080012e2       0xd6 objdir-CWLITEARM/stm32f3_hal_lowlevel.o
                0x080012e2                HAL_UART_Receive
 .text._sbrk    0x080013b8       0x34 objdir-CWLITEARM/stm32f3_sysmem.o
                0x080013b8                _sbrk
 .text.Reset_Handler
                0x080013ec       0x48 objdir-CWLITEARM/stm32f3_startup.o
                0x080013ec                Reset_Handler
 .text.Default_Handler
                0x08001434        0x2 objdir-CWLITEARM/stm32f3_startup.o
                0x08001434                DebugMon_Handler
                0x08001434                HardFault_Handler
                0x08001434                SysTick_Handler
                0x08001434                PendSV_Handler
                0x08001434                NMI_Handler
                0x08001434                UsageFault_Handler
                0x08001434                Default_Handler
                0x08001434                MemManage_Handler
                0x08001434                SVC_Handler
                0x08001434                BusFault_Handler
 *fill*         0x08001436        0x2 
 .text.__errno  0x08001438        0xc c:/users/parth/chipwh~1/cw/home/portable/armgcc/bin/../lib/gcc/arm-none-eabi/10.2.1/../../../../arm-none-eabi/lib/thumb/v7e-m/nofp\libg_nano.a(lib_a-errno.o)
                0x08001438                __errno
 .text._fopen_r
                0x08001444       0xa8 c:/users/parth/chipwh~1/cw/home/portable/armgcc/bin/../lib/gcc/arm-none-eabi/10.2.1/../../../../arm-none-eabi/lib/thumb/v7e-m/nofp\libg_nano.a(lib_a-fopen.o)
                0x08001444                _fopen_r
 .text.fopen    0x080014ec       0x10 c:/users/parth/chipwh~1/cw/home/portable/armgcc/bin/../lib/gcc/arm-none-eabi/10.2.1/../../../../arm-none-eabi/lib/thumb/v7e-m/nofp\libg_nano.a(lib_a-fopen.o)
                0x080014ec                fopen
 .text.fscanf   0x080014fc       0x24 c:/users/parth/chipwh~1/cw/home/portable/armgcc/bin/../lib/gcc/arm-none-eabi/10.2.1/../../../../arm-none-eabi/lib/thumb/v7e-m/nofp\libg_nano.a(lib_a-fscanf.o)
                0x080014fc                fscanf
                0x080014fc                fiscanf
 .text._fseek_r
                0x08001520        0x4 c:/users/parth/chipwh~1/cw/home/portable/armgcc/bin/../lib/gcc/arm-none-eabi/10.2.1/../../../../arm-none-eabi/lib/thumb/v7e-m/nofp\libg_nano.a(lib_a-fseek.o)
                0x08001520                _fseek_r
 .text.fseek    0x08001524       0x14 c:/users/parth/chipwh~1/cw/home/portable/armgcc/bin/../lib/gcc/arm-none-eabi/10.2.1/../../../../arm-none-eabi/lib/thumb/v7e-m/nofp\libg_nano.a(lib_a-fseek.o)
                0x08001524                fseek
 .text._fseeko_r
                0x08001538      0x134 c:/users/parth/chipwh~1/cw/home/portable/armgcc/bin/../lib/gcc/arm-none-eabi/10.2.1/../../../../arm-none-eabi/lib/thumb/v7e-m/nofp\libg_nano.a(lib_a-fseeko.o)
                0x08001538                _fseeko_r
 .text._ftello_r
                0x0800166c       0xe8 c:/users/parth/chipwh~1/cw/home/portable/armgcc/bin/../lib/gcc/arm-none-eabi/10.2.1/../../../../arm-none-eabi/lib/thumb/v7e-m/nofp\libg_nano.a(lib_a-ftello.o)
                0x0800166c                _ftello_r
 .text.__libc_init_array
                0x08001754       0x48 c:/users/parth/chipwh~1/cw/home/portable/armgcc/bin/../lib/gcc/arm-none-eabi/10.2.1/../../../../arm-none-eabi/lib/thumb/v7e-m/nofp\libg_nano.a(lib_a-init.o)
                0x08001754                __libc_init_array
 .text.__retarget_lock_init_recursive
                0x0800179c        0x2 c:/users/parth/chipwh~1/cw/home/portable/armgcc/bin/../lib/gcc/arm-none-eabi/10.2.1/../../../../arm-none-eabi/lib/thumb/v7e-m/nofp\libg_nano.a(lib_a-lock.o)
                0x0800179c                __retarget_lock_init_recursive
 .text.__retarget_lock_close_recursive
                0x0800179e        0x2 c:/users/parth/chipwh~1/cw/home/portable/armgcc/bin/../lib/gcc/arm-none-eabi/10.2.1/../../../../arm-none-eabi/lib/thumb/v7e-m/nofp\libg_nano.a(lib_a-lock.o)
                0x0800179e                __retarget_lock_close_recursive
 .text.__retarget_lock_acquire_recursive
                0x080017a0        0x2 c:/users/parth/chipwh~1/cw/home/portable/armgcc/bin/../lib/gcc/arm-none-eabi/10.2.1/../../../../arm-none-eabi/lib/thumb/v7e-m/nofp\libg_nano.a(lib_a-lock.o)
                0x080017a0                __retarget_lock_acquire_recursive
 .text.__retarget_lock_release_recursive
                0x080017a2        0x2 c:/users/parth/chipwh~1/cw/home/portable/armgcc/bin/../lib/gcc/arm-none-eabi/10.2.1/../../../../arm-none-eabi/lib/thumb/v7e-m/nofp\libg_nano.a(lib_a-lock.o)
                0x080017a2                __retarget_lock_release_recursive
 .text.__swhatbuf_r
                0x080017a4       0x4a c:/users/parth/chipwh~1/cw/home/portable/armgcc/bin/../lib/gcc/arm-none-eabi/10.2.1/../../../../arm-none-eabi/lib/thumb/v7e-m/nofp\libg_nano.a(lib_a-makebuf.o)
                0x080017a4                __swhatbuf_r
 *fill*         0x080017ee        0x2 
 .text.__smakebuf_r
                0x080017f0       0x80 c:/users/parth/chipwh~1/cw/home/portable/armgcc/bin/../lib/gcc/arm-none-eabi/10.2.1/../../../../arm-none-eabi/lib/thumb/v7e-m/nofp\libg_nano.a(lib_a-makebuf.o)
                0x080017f0                __smakebuf_r
 .text.malloc   0x08001870       0x10 c:/users/parth/chipwh~1/cw/home/portable/armgcc/bin/../lib/gcc/arm-none-eabi/10.2.1/../../../../arm-none-eabi/lib/thumb/v7e-m/nofp\libg_nano.a(lib_a-malloc.o)
                0x08001870                malloc
 .text.free     0x08001880       0x10 c:/users/parth/chipwh~1/cw/home/portable/armgcc/bin/../lib/gcc/arm-none-eabi/10.2.1/../../../../arm-none-eabi/lib/thumb/v7e-m/nofp\libg_nano.a(lib_a-malloc.o)
                0x08001880                free
 .text.memset   0x08001890       0x10 c:/users/parth/chipwh~1/cw/home/portable/armgcc/bin/../lib/gcc/arm-none-eabi/10.2.1/../../../../arm-none-eabi/lib/thumb/v7e-m/nofp\libg_nano.a(lib_a-memset.o)
                0x08001890                memset
 .text._free_r  0x080018a0       0x94 c:/users/parth/chipwh~1/cw/home/portable/armgcc/bin/../lib/gcc/arm-none-eabi/10.2.1/../../../../arm-none-eabi/lib/thumb/v7e-m/nofp\libg_nano.a(lib_a-nano-freer.o)
                0x080018a0                _free_r
 .text._malloc_r
                0x08001934       0xb4 c:/users/parth/chipwh~1/cw/home/portable/armgcc/bin/../lib/gcc/arm-none-eabi/10.2.1/../../../../arm-none-eabi/lib/thumb/v7e-m/nofp\libg_nano.a(lib_a-nano-mallocr.o)
                0x08001934                _malloc_r
 .text.__svfscanf_r
                0x080019e8      0x348 c:/users/parth/chipwh~1/cw/home/portable/armgcc/bin/../lib/gcc/arm-none-eabi/10.2.1/../../../../arm-none-eabi/lib/thumb/v7e-m/nofp\libg_nano.a(lib_a-nano-vfscanf.o)
                0x080019e8                __svfscanf_r
                0x080019e8                __svfiscanf_r
 .text._vfscanf_r
                0x08001d30       0x50 c:/users/parth/chipwh~1/cw/home/portable/armgcc/bin/../lib/gcc/arm-none-eabi/10.2.1/../../../../arm-none-eabi/lib/thumb/v7e-m/nofp\libg_nano.a(lib_a-nano-vfscanf.o)
                0x08001d30                _vfscanf_r
                0x08001d30                _vfiscanf_r
 .text._scanf_chars
                0x08001d80       0xb4 c:/users/parth/chipwh~1/cw/home/portable/armgcc/bin/../lib/gcc/arm-none-eabi/10.2.1/../../../../arm-none-eabi/lib/thumb/v7e-m/nofp\libg_nano.a(lib_a-nano-vfscanf_i.o)
                0x08001d80                _scanf_chars
 .text._scanf_i
                0x08001e34      0x1e8 c:/users/parth/chipwh~1/cw/home/portable/armgcc/bin/../lib/gcc/arm-none-eabi/10.2.1/../../../../arm-none-eabi/lib/thumb/v7e-m/nofp\libg_nano.a(lib_a-nano-vfscanf_i.o)
                0x08001e34                _scanf_i
 .text._open_r  0x0800201c       0x24 c:/users/parth/chipwh~1/cw/home/portable/armgcc/bin/../lib/gcc/arm-none-eabi/10.2.1/../../../../arm-none-eabi/lib/thumb/v7e-m/nofp\libg_nano.a(lib_a-openr.o)
                0x0800201c                _open_r
 .text.lflush   0x08002040       0x12 c:/users/parth/chipwh~1/cw/home/portable/armgcc/bin/../lib/gcc/arm-none-eabi/10.2.1/../../../../arm-none-eabi/lib/thumb/v7e-m/nofp\libg_nano.a(lib_a-refill.o)
 *fill*         0x08002052        0x2 
 .text.__srefill_r
                0x08002054      0x114 c:/users/parth/chipwh~1/cw/home/portable/armgcc/bin/../lib/gcc/arm-none-eabi/10.2.1/../../../../arm-none-eabi/lib/thumb/v7e-m/nofp\libg_nano.a(lib_a-refill.o)
                0x08002054                __srefill_r
 .text._sbrk_r  0x08002168       0x20 c:/users/parth/chipwh~1/cw/home/portable/armgcc/bin/../lib/gcc/arm-none-eabi/10.2.1/../../../../arm-none-eabi/lib/thumb/v7e-m/nofp\libg_nano.a(lib_a-sbrkr.o)
                0x08002168                _sbrk_r
 .text.__sccl   0x08002188       0x70 c:/users/parth/chipwh~1/cw/home/portable/armgcc/bin/../lib/gcc/arm-none-eabi/10.2.1/../../../../arm-none-eabi/lib/thumb/v7e-m/nofp\libg_nano.a(lib_a-sccl.o)
                0x08002188                __sccl
 .text.__sread  0x080021f8       0x22 c:/users/parth/chipwh~1/cw/home/portable/armgcc/bin/../lib/gcc/arm-none-eabi/10.2.1/../../../../arm-none-eabi/lib/thumb/v7e-m/nofp\libg_nano.a(lib_a-stdio.o)
                0x080021f8                __sread
 .text.__swrite
                0x0800221a       0x38 c:/users/parth/chipwh~1/cw/home/portable/armgcc/bin/../lib/gcc/arm-none-eabi/10.2.1/../../../../arm-none-eabi/lib/thumb/v7e-m/nofp\libg_nano.a(lib_a-stdio.o)
                0x0800221a                __swrite
 .text.__sseek  0x08002252       0x24 c:/users/parth/chipwh~1/cw/home/portable/armgcc/bin/../lib/gcc/arm-none-eabi/10.2.1/../../../../arm-none-eabi/lib/thumb/v7e-m/nofp\libg_nano.a(lib_a-stdio.o)
                0x08002252                __sseek
 .text.__sclose
                0x08002276        0x8 c:/users/parth/chipwh~1/cw/home/portable/armgcc/bin/../lib/gcc/arm-none-eabi/10.2.1/../../../../arm-none-eabi/lib/thumb/v7e-m/nofp\libg_nano.a(lib_a-stdio.o)
                0x08002276                __sclose
 *fill*         0x0800227e        0x2 
 .text._strtol_l.constprop.0
                0x08002280       0xf8 c:/users/parth/chipwh~1/cw/home/portable/armgcc/bin/../lib/gcc/arm-none-eabi/10.2.1/../../../../arm-none-eabi/lib/thumb/v7e-m/nofp\libg_nano.a(lib_a-strtol.o)
 .text._strtol_r
                0x08002378        0x4 c:/users/parth/chipwh~1/cw/home/portable/armgcc/bin/../lib/gcc/arm-none-eabi/10.2.1/../../../../arm-none-eabi/lib/thumb/v7e-m/nofp\libg_nano.a(lib_a-strtol.o)
                0x08002378                _strtol_r
 .text._strtoul_l.constprop.0
                0x0800237c       0xe4 c:/users/parth/chipwh~1/cw/home/portable/armgcc/bin/../lib/gcc/arm-none-eabi/10.2.1/../../../../arm-none-eabi/lib/thumb/v7e-m/nofp\libg_nano.a(lib_a-strtoul.o)
 .text._strtoul_r
                0x08002460        0x4 c:/users/parth/chipwh~1/cw/home/portable/armgcc/bin/../lib/gcc/arm-none-eabi/10.2.1/../../../../arm-none-eabi/lib/thumb/v7e-m/nofp\libg_nano.a(lib_a-strtoul.o)
                0x08002460                _strtoul_r
 .text.__submore
                0x08002464       0x74 c:/users/parth/chipwh~1/cw/home/portable/armgcc/bin/../lib/gcc/arm-none-eabi/10.2.1/../../../../arm-none-eabi/lib/thumb/v7e-m/nofp\libg_nano.a(lib_a-ungetc.o)
                0x08002464                __submore
 .text._ungetc_r
                0x080024d8      0x130 c:/users/parth/chipwh~1/cw/home/portable/armgcc/bin/../lib/gcc/arm-none-eabi/10.2.1/../../../../arm-none-eabi/lib/thumb/v7e-m/nofp\libg_nano.a(lib_a-ungetc.o)
                0x080024d8                _ungetc_r
 .text._write_r
                0x08002608       0x24 c:/users/parth/chipwh~1/cw/home/portable/armgcc/bin/../lib/gcc/arm-none-eabi/10.2.1/../../../../arm-none-eabi/lib/thumb/v7e-m/nofp\libg_nano.a(lib_a-writer.o)
                0x08002608                _write_r
 .text._close_r
                0x0800262c       0x20 c:/users/parth/chipwh~1/cw/home/portable/armgcc/bin/../lib/gcc/arm-none-eabi/10.2.1/../../../../arm-none-eabi/lib/thumb/v7e-m/nofp\libg_nano.a(lib_a-closer.o)
                0x0800262c                _close_r
 .text.__sflush_r
                0x0800264c      0x104 c:/users/parth/chipwh~1/cw/home/portable/armgcc/bin/../lib/gcc/arm-none-eabi/10.2.1/../../../../arm-none-eabi/lib/thumb/v7e-m/nofp\libg_nano.a(lib_a-fflush.o)
                0x0800264c                __sflush_r
 .text._fflush_r
                0x08002750       0x78 c:/users/parth/chipwh~1/cw/home/portable/armgcc/bin/../lib/gcc/arm-none-eabi/10.2.1/../../../../arm-none-eabi/lib/thumb/v7e-m/nofp\libg_nano.a(lib_a-fflush.o)
                0x08002750                _fflush_r
 .text.fflush   0x080027c8       0x24 c:/users/parth/chipwh~1/cw/home/portable/armgcc/bin/../lib/gcc/arm-none-eabi/10.2.1/../../../../arm-none-eabi/lib/thumb/v7e-m/nofp\libg_nano.a(lib_a-fflush.o)
                0x080027c8                fflush
 .text.std      0x080027ec       0x48 c:/users/parth/chipwh~1/cw/home/portable/armgcc/bin/../lib/gcc/arm-none-eabi/10.2.1/../../../../arm-none-eabi/lib/thumb/v7e-m/nofp\libg_nano.a(lib_a-findfp.o)
 .text._cleanup_r
                0x08002834        0xc c:/users/parth/chipwh~1/cw/home/portable/armgcc/bin/../lib/gcc/arm-none-eabi/10.2.1/../../../../arm-none-eabi/lib/thumb/v7e-m/nofp\libg_nano.a(lib_a-findfp.o)
                0x08002834                _cleanup_r
 .text.__sfmoreglue
                0x08002840       0x2c c:/users/parth/chipwh~1/cw/home/portable/armgcc/bin/../lib/gcc/arm-none-eabi/10.2.1/../../../../arm-none-eabi/lib/thumb/v7e-m/nofp\libg_nano.a(lib_a-findfp.o)
                0x08002840                __sfmoreglue
 .text.__sfp_lock_acquire
                0x0800286c        0xc c:/users/parth/chipwh~1/cw/home/portable/armgcc/bin/../lib/gcc/arm-none-eabi/10.2.1/../../../../arm-none-eabi/lib/thumb/v7e-m/nofp\libg_nano.a(lib_a-findfp.o)
                0x0800286c                __sfp_lock_acquire
 .text.__sfp_lock_release
                0x08002878        0xc c:/users/parth/chipwh~1/cw/home/portable/armgcc/bin/../lib/gcc/arm-none-eabi/10.2.1/../../../../arm-none-eabi/lib/thumb/v7e-m/nofp\libg_nano.a(lib_a-findfp.o)
                0x08002878                __sfp_lock_release
 .text.__sinit_lock_acquire
                0x08002884        0xc c:/users/parth/chipwh~1/cw/home/portable/armgcc/bin/../lib/gcc/arm-none-eabi/10.2.1/../../../../arm-none-eabi/lib/thumb/v7e-m/nofp\libg_nano.a(lib_a-findfp.o)
                0x08002884                __sinit_lock_acquire
 .text.__sinit_lock_release
                0x08002890        0xc c:/users/parth/chipwh~1/cw/home/portable/armgcc/bin/../lib/gcc/arm-none-eabi/10.2.1/../../../../arm-none-eabi/lib/thumb/v7e-m/nofp\libg_nano.a(lib_a-findfp.o)
                0x08002890                __sinit_lock_release
 .text.__sinit  0x0800289c       0x70 c:/users/parth/chipwh~1/cw/home/portable/armgcc/bin/../lib/gcc/arm-none-eabi/10.2.1/../../../../arm-none-eabi/lib/thumb/v7e-m/nofp\libg_nano.a(lib_a-findfp.o)
                0x0800289c                __sinit
 .text.__sfp    0x0800290c       0x8c c:/users/parth/chipwh~1/cw/home/portable/armgcc/bin/../lib/gcc/arm-none-eabi/10.2.1/../../../../arm-none-eabi/lib/thumb/v7e-m/nofp\libg_nano.a(lib_a-findfp.o)
                0x0800290c                __sfp
 .text.__sflags
                0x08002998       0x6c c:/users/parth/chipwh~1/cw/home/portable/armgcc/bin/../lib/gcc/arm-none-eabi/10.2.1/../../../../arm-none-eabi/lib/thumb/v7e-m/nofp\libg_nano.a(lib_a-flags.o)
                0x08002998                __sflags
 .text._fstat_r
                0x08002a04       0x24 c:/users/parth/chipwh~1/cw/home/portable/armgcc/bin/../lib/gcc/arm-none-eabi/10.2.1/../../../../arm-none-eabi/lib/thumb/v7e-m/nofp\libg_nano.a(lib_a-fstatr.o)
                0x08002a04                _fstat_r
 .text._fwalk   0x08002a28       0x3a c:/users/parth/chipwh~1/cw/home/portable/armgcc/bin/../lib/gcc/arm-none-eabi/10.2.1/../../../../arm-none-eabi/lib/thumb/v7e-m/nofp\libg_nano.a(lib_a-fwalk.o)
                0x08002a28                _fwalk
 .text._fwalk_reent
                0x08002a62       0x3e c:/users/parth/chipwh~1/cw/home/portable/armgcc/bin/../lib/gcc/arm-none-eabi/10.2.1/../../../../arm-none-eabi/lib/thumb/v7e-m/nofp\libg_nano.a(lib_a-fwalk.o)
                0x08002a62                _fwalk_reent
 .text._isatty_r
                0x08002aa0       0x20 c:/users/parth/chipwh~1/cw/home/portable/armgcc/bin/../lib/gcc/arm-none-eabi/10.2.1/../../../../arm-none-eabi/lib/thumb/v7e-m/nofp\libg_nano.a(lib_a-isattyr.o)
                0x08002aa0                _isatty_r
 .text._lseek_r
                0x08002ac0       0x24 c:/users/parth/chipwh~1/cw/home/portable/armgcc/bin/../lib/gcc/arm-none-eabi/10.2.1/../../../../arm-none-eabi/lib/thumb/v7e-m/nofp\libg_nano.a(lib_a-lseekr.o)
                0x08002ac0                _lseek_r
 .text.memcpy   0x08002ae4       0x1c c:/users/parth/chipwh~1/cw/home/portable/armgcc/bin/../lib/gcc/arm-none-eabi/10.2.1/../../../../arm-none-eabi/lib/thumb/v7e-m/nofp\libg_nano.a(lib_a-memcpy-stub.o)
                0x08002ae4                memcpy
 .text.__malloc_lock
                0x08002b00        0xc c:/users/parth/chipwh~1/cw/home/portable/armgcc/bin/../lib/gcc/arm-none-eabi/10.2.1/../../../../arm-none-eabi/lib/thumb/v7e-m/nofp\libg_nano.a(lib_a-mlock.o)
                0x08002b00                __malloc_lock
 .text.__malloc_unlock
                0x08002b0c        0xc c:/users/parth/chipwh~1/cw/home/portable/armgcc/bin/../lib/gcc/arm-none-eabi/10.2.1/../../../../arm-none-eabi/lib/thumb/v7e-m/nofp\libg_nano.a(lib_a-mlock.o)
                0x08002b0c                __malloc_unlock
 .text._realloc_r
                0x08002b18       0x4c c:/users/parth/chipwh~1/cw/home/portable/armgcc/bin/../lib/gcc/arm-none-eabi/10.2.1/../../../../arm-none-eabi/lib/thumb/v7e-m/nofp\libg_nano.a(lib_a-nano-reallocr.o)
                0x08002b18                _realloc_r
 .text._read_r  0x08002b64       0x24 c:/users/parth/chipwh~1/cw/home/portable/armgcc/bin/../lib/gcc/arm-none-eabi/10.2.1/../../../../arm-none-eabi/lib/thumb/v7e-m/nofp\libg_nano.a(lib_a-readr.o)
                0x08002b64                _read_r
 .text._malloc_usable_size_r
                0x08002b88       0x10 c:/users/parth/chipwh~1/cw/home/portable/armgcc/bin/../lib/gcc/arm-none-eabi/10.2.1/../../../../arm-none-eabi/lib/thumb/v7e-m/nofp\libg_nano.a(lib_a-nano-msizer.o)
                0x08002b88                _malloc_usable_size_r
 .text._close   0x08002b98       0x10 c:/users/parth/chipwh~1/cw/home/portable/armgcc/bin/../lib/gcc/arm-none-eabi/10.2.1/../../../../arm-none-eabi/lib/thumb/v7e-m/nofp\libnosys.a(close.o)
                0x08002b98                _close
 .text._fstat   0x08002ba8       0x10 c:/users/parth/chipwh~1/cw/home/portable/armgcc/bin/../lib/gcc/arm-none-eabi/10.2.1/../../../../arm-none-eabi/lib/thumb/v7e-m/nofp\libnosys.a(fstat.o)
                0x08002ba8                _fstat
 .text._isatty  0x08002bb8       0x10 c:/users/parth/chipwh~1/cw/home/portable/armgcc/bin/../lib/gcc/arm-none-eabi/10.2.1/../../../../arm-none-eabi/lib/thumb/v7e-m/nofp\libnosys.a(isatty.o)
                0x08002bb8                _isatty
 .text._lseek   0x08002bc8       0x10 c:/users/parth/chipwh~1/cw/home/portable/armgcc/bin/../lib/gcc/arm-none-eabi/10.2.1/../../../../arm-none-eabi/lib/thumb/v7e-m/nofp\libnosys.a(lseek.o)
                0x08002bc8                _lseek
 .text._open    0x08002bd8       0x10 c:/users/parth/chipwh~1/cw/home/portable/armgcc/bin/../lib/gcc/arm-none-eabi/10.2.1/../../../../arm-none-eabi/lib/thumb/v7e-m/nofp\libnosys.a(open.o)
                0x08002bd8                _open
 .text._read    0x08002be8       0x10 c:/users/parth/chipwh~1/cw/home/portable/armgcc/bin/../lib/gcc/arm-none-eabi/10.2.1/../../../../arm-none-eabi/lib/thumb/v7e-m/nofp\libnosys.a(read.o)
                0x08002be8                _read
 .text._write   0x08002bf8       0x10 c:/users/parth/chipwh~1/cw/home/portable/armgcc/bin/../lib/gcc/arm-none-eabi/10.2.1/../../../../arm-none-eabi/lib/thumb/v7e-m/nofp\libnosys.a(write.o)
                0x08002bf8                _write
 *(.glue_7)
 .glue_7        0x08002c08        0x0 linker stubs
 *(.glue_7t)
 .glue_7t       0x08002c08        0x0 linker stubs
 *(.eh_frame)
 .eh_frame      0x08002c08        0x0 c:/users/parth/chipwh~1/cw/home/portable/armgcc/bin/../lib/gcc/arm-none-eabi/10.2.1/thumb/v7e-m/nofp/crtbegin.o
 *(.init)
 .init          0x08002c08        0x4 c:/users/parth/chipwh~1/cw/home/portable/armgcc/bin/../lib/gcc/arm-none-eabi/10.2.1/thumb/v7e-m/nofp/crti.o
                0x08002c08                _init
 .init          0x08002c0c        0x8 c:/users/parth/chipwh~1/cw/home/portable/armgcc/bin/../lib/gcc/arm-none-eabi/10.2.1/thumb/v7e-m/nofp/crtn.o
 *(.fini)
 .fini          0x08002c14        0x4 c:/users/parth/chipwh~1/cw/home/portable/armgcc/bin/../lib/gcc/arm-none-eabi/10.2.1/thumb/v7e-m/nofp/crti.o
                0x08002c14                _fini
 .fini          0x08002c18        0x8 c:/users/parth/chipwh~1/cw/home/portable/armgcc/bin/../lib/gcc/arm-none-eabi/10.2.1/thumb/v7e-m/nofp/crtn.o
                0x08002c20                . = ALIGN (0x4)
                0x08002c20                _etext = .

.vfp11_veneer   0x08002c20        0x0
 .vfp11_veneer  0x08002c20        0x0 linker stubs

.v4_bx          0x08002c20        0x0
 .v4_bx         0x08002c20        0x0 linker stubs

.iplt           0x08002c20        0x0
 .iplt          0x08002c20        0x0 c:/users/parth/chipwh~1/cw/home/portable/armgcc/bin/../lib/gcc/arm-none-eabi/10.2.1/thumb/v7e-m/nofp/crtbegin.o

.rodata         0x08002c20      0x1b8
                0x08002c20                . = ALIGN (0x4)
 *(.rodata)
 .rodata        0x08002c20       0x10 objdir-CWLITEARM/simpleserial.o
 .rodata        0x08002c30        0x3 objdir-CWLITEARM/stm32f3_hal_lowlevel.o
 *fill*         0x08002c33        0x1 
 .rodata        0x08002c34        0xc c:/users/parth/chipwh~1/cw/home/portable/armgcc/bin/../lib/gcc/arm-none-eabi/10.2.1/../../../../arm-none-eabi/lib/thumb/v7e-m/nofp\libg_nano.a(lib_a-nano-vfscanf_i.o)
 *(.rodata*)
 .rodata.str1.1
                0x08002c40       0x11 objdir-CWLITEARM/simpleserial-base.o
 *fill*         0x08002c51        0x3 
 .rodata._global_impure_ptr
                0x08002c54        0x4 c:/users/parth/chipwh~1/cw/home/portable/armgcc/bin/../lib/gcc/arm-none-eabi/10.2.1/../../../../arm-none-eabi/lib/thumb/v7e-m/nofp\libg_nano.a(lib_a-impure.o)
                0x08002c54                _global_impure_ptr
 .rodata.__svfscanf_r.str1.1
                0x08002c58        0x4 c:/users/parth/chipwh~1/cw/home/portable/armgcc/bin/../lib/gcc/arm-none-eabi/10.2.1/../../../../arm-none-eabi/lib/thumb/v7e-m/nofp\libg_nano.a(lib_a-nano-vfscanf.o)
 .rodata.str1.1
                0x08002c5c        0x9 c:/users/parth/chipwh~1/cw/home/portable/armgcc/bin/../lib/gcc/arm-none-eabi/10.2.1/../../../../arm-none-eabi/lib/thumb/v7e-m/nofp\libg_nano.a(lib_a-nano-vfscanf_i.o)
 .rodata._scanf_i.str1.1
                0x08002c65       0x12 c:/users/parth/chipwh~1/cw/home/portable/armgcc/bin/../lib/gcc/arm-none-eabi/10.2.1/../../../../arm-none-eabi/lib/thumb/v7e-m/nofp\libg_nano.a(lib_a-nano-vfscanf_i.o)
 .rodata._ctype_
                0x08002c77      0x101 c:/users/parth/chipwh~1/cw/home/portable/armgcc/bin/../lib/gcc/arm-none-eabi/10.2.1/../../../../arm-none-eabi/lib/thumb/v7e-m/nofp\libg_nano.a(lib_a-ctype_.o)
                0x08002c77                _ctype_
 .rodata.__sf_fake_stderr
                0x08002d78       0x20 c:/users/parth/chipwh~1/cw/home/portable/armgcc/bin/../lib/gcc/arm-none-eabi/10.2.1/../../../../arm-none-eabi/lib/thumb/v7e-m/nofp\libg_nano.a(lib_a-findfp.o)
                0x08002d78                __sf_fake_stderr
 .rodata.__sf_fake_stdin
                0x08002d98       0x20 c:/users/parth/chipwh~1/cw/home/portable/armgcc/bin/../lib/gcc/arm-none-eabi/10.2.1/../../../../arm-none-eabi/lib/thumb/v7e-m/nofp\libg_nano.a(lib_a-findfp.o)
                0x08002d98                __sf_fake_stdin
 .rodata.__sf_fake_stdout
                0x08002db8       0x20 c:/users/parth/chipwh~1/cw/home/portable/armgcc/bin/../lib/gcc/arm-none-eabi/10.2.1/../../../../arm-none-eabi/lib/thumb/v7e-m/nofp\libg_nano.a(lib_a-findfp.o)
                0x08002db8                __sf_fake_stdout
                0x08002dd8                . = ALIGN (0x4)

.rel.dyn        0x08002dd8        0x0
 .rel.iplt      0x08002dd8        0x0 c:/users/parth/chipwh~1/cw/home/portable/armgcc/bin/../lib/gcc/arm-none-eabi/10.2.1/thumb/v7e-m/nofp/crtbegin.o

.ARM.extab      0x08002dd8        0x0
                0x08002dd8                . = ALIGN (0x4)
 *(.ARM.extab* .gnu.linkonce.armextab.*)
                0x08002dd8                . = ALIGN (0x4)

.ARM            0x08002dd8        0x0
                0x08002dd8                . = ALIGN (0x4)
                0x08002dd8                __exidx_start = .
 *(.ARM.exidx*)
                0x08002dd8                __exidx_end = .
                0x08002dd8                . = ALIGN (0x4)

.preinit_array  0x08002dd8        0x0
                0x08002dd8                . = ALIGN (0x4)
                0x08002dd8                PROVIDE (__preinit_array_start = .)
 *(.preinit_array*)
                0x08002dd8                PROVIDE (__preinit_array_end = .)
                0x08002dd8                . = ALIGN (0x4)

.init_array     0x08002dd8        0x4
                0x08002dd8                . = ALIGN (0x4)
                0x08002dd8                PROVIDE (__init_array_start = .)
 *(SORT_BY_NAME(.init_array.*))
 *(.init_array*)
 .init_array    0x08002dd8        0x4 c:/users/parth/chipwh~1/cw/home/portable/armgcc/bin/../lib/gcc/arm-none-eabi/10.2.1/thumb/v7e-m/nofp/crtbegin.o
                0x08002ddc                PROVIDE (__init_array_end = .)
                0x08002ddc                . = ALIGN (0x4)

.fini_array     0x08002ddc        0x4
                0x08002ddc                . = ALIGN (0x4)
                [!provide]                PROVIDE (__fini_array_start = .)
 *(SORT_BY_NAME(.fini_array.*))
 *(.fini_array*)
 .fini_array    0x08002ddc        0x4 c:/users/parth/chipwh~1/cw/home/portable/armgcc/bin/../lib/gcc/arm-none-eabi/10.2.1/thumb/v7e-m/nofp/crtbegin.o
                [!provide]                PROVIDE (__fini_array_end = .)
                0x08002de0                . = ALIGN (0x4)
                0x08002de0                _sidata = LOADADDR (.data)

.data           0x20000000       0x64 load address 0x08002de0
                0x20000000                . = ALIGN (0x4)
                0x20000000                _sdata = .
 *(.data)
 *(.data*)
 .data._impure_ptr
                0x20000000        0x4 c:/users/parth/chipwh~1/cw/home/portable/armgcc/bin/../lib/gcc/arm-none-eabi/10.2.1/../../../../arm-none-eabi/lib/thumb/v7e-m/nofp\libg_nano.a(lib_a-impure.o)
                0x20000000                _impure_ptr
 .data.impure_data
                0x20000004       0x60 c:/users/parth/chipwh~1/cw/home/portable/armgcc/bin/../lib/gcc/arm-none-eabi/10.2.1/../../../../arm-none-eabi/lib/thumb/v7e-m/nofp\libg_nano.a(lib_a-impure.o)
                0x20000064                . = ALIGN (0x4)
                0x20000064                _edata = .

.igot.plt       0x20000064        0x0 load address 0x08002e44
 .igot.plt      0x20000064        0x0 c:/users/parth/chipwh~1/cw/home/portable/armgcc/bin/../lib/gcc/arm-none-eabi/10.2.1/thumb/v7e-m/nofp/crtbegin.o
                0x20000064                . = ALIGN (0x4)

.bss            0x20000064      0x1ac load address 0x08002e44
                0x20000064                _sbss = .
                0x20000064                __bss_start__ = _sbss
 *(.bss)
 .bss           0x20000064       0x1c c:/users/parth/chipwh~1/cw/home/portable/armgcc/bin/../lib/gcc/arm-none-eabi/10.2.1/thumb/v7e-m/nofp/crtbegin.o
 .bss           0x20000080      0x104 objdir-CWLITEARM/simpleserial.o
 .bss           0x20000184       0x70 objdir-CWLITEARM/stm32f3_hal.o
                0x20000184                UartHandle
 .bss           0x200001f4        0x8 objdir-CWLITEARM/stm32f3_hal_lowlevel.o
                0x200001f4                hal_sys_tick
                0x200001f8                uwTick
 .bss           0x200001fc        0x4 objdir-CWLITEARM/stm32f3_sysmem.o
 *(.bss*)
 .bss.__lock___malloc_recursive_mutex
                0x20000200        0x1 c:/users/parth/chipwh~1/cw/home/portable/armgcc/bin/../lib/gcc/arm-none-eabi/10.2.1/../../../../arm-none-eabi/lib/thumb/v7e-m/nofp\libg_nano.a(lib_a-lock.o)
                0x20000200                __lock___malloc_recursive_mutex
 .bss.__lock___sfp_recursive_mutex
                0x20000201        0x1 c:/users/parth/chipwh~1/cw/home/portable/armgcc/bin/../lib/gcc/arm-none-eabi/10.2.1/../../../../arm-none-eabi/lib/thumb/v7e-m/nofp\libg_nano.a(lib_a-lock.o)
                0x20000201                __lock___sfp_recursive_mutex
 .bss.__lock___sinit_recursive_mutex
                0x20000202        0x1 c:/users/parth/chipwh~1/cw/home/portable/armgcc/bin/../lib/gcc/arm-none-eabi/10.2.1/../../../../arm-none-eabi/lib/thumb/v7e-m/nofp\libg_nano.a(lib_a-lock.o)
                0x20000202                __lock___sinit_recursive_mutex
 *fill*         0x20000203        0x1 
 .bss.__malloc_free_list
                0x20000204        0x4 c:/users/parth/chipwh~1/cw/home/portable/armgcc/bin/../lib/gcc/arm-none-eabi/10.2.1/../../../../arm-none-eabi/lib/thumb/v7e-m/nofp\libg_nano.a(lib_a-nano-mallocr.o)
                0x20000204                __malloc_free_list
 .bss.__malloc_sbrk_start
                0x20000208        0x4 c:/users/parth/chipwh~1/cw/home/portable/armgcc/bin/../lib/gcc/arm-none-eabi/10.2.1/../../../../arm-none-eabi/lib/thumb/v7e-m/nofp\libg_nano.a(lib_a-nano-mallocr.o)
                0x20000208                __malloc_sbrk_start
 .bss.errno     0x2000020c        0x4 c:/users/parth/chipwh~1/cw/home/portable/armgcc/bin/../lib/gcc/arm-none-eabi/10.2.1/../../../../arm-none-eabi/lib/thumb/v7e-m/nofp\libg_nano.a(lib_a-reent.o)
                0x2000020c                errno
 *(COMMON)
                0x20000210                . = ALIGN (0x4)
                0x20000210                _ebss = .
                0x20000210                __bss_end__ = _ebss

._user_heap_stack
                0x20000210      0x400 load address 0x08002e44
                0x20000210                . = ALIGN (0x8)
                0x20000210                PROVIDE (end = .)
                [!provide]                PROVIDE (_end = .)
                0x20000210                . = (. + _Min_Heap_Size)
                0x20000610                . = (. + _Min_Stack_Size)
 *fill*         0x20000210      0x400 
                0x20000610                . = ALIGN (0x8)

/DISCARD/
 libc.a(*)
 libm.a(*)
 libgcc.a(*)

.ARM.attributes
                0x00000000       0x2a
 *(.ARM.attributes)
 .ARM.attributes
                0x00000000       0x1e c:/users/parth/chipwh~1/cw/home/portable/armgcc/bin/../lib/gcc/arm-none-eabi/10.2.1/thumb/v7e-m/nofp/crti.o
 .ARM.attributes
                0x0000001e       0x2e c:/users/parth/chipwh~1/cw/home/portable/armgcc/bin/../lib/gcc/arm-none-eabi/10.2.1/thumb/v7e-m/nofp/crtbegin.o
 .ARM.attributes
                0x0000004c       0x2e objdir-CWLITEARM/simpleserial-base.o
 .ARM.attributes
                0x0000007a       0x2e objdir-CWLITEARM/simpleserial.o
 .ARM.attributes
                0x000000a8       0x2e objdir-CWLITEARM/stm32f3_hal.o
 .ARM.attributes
                0x000000d6       0x2e objdir-CWLITEARM/stm32f3_hal_lowlevel.o
 .ARM.attributes
                0x00000104       0x2e objdir-CWLITEARM/stm32f3_sysmem.o
 .ARM.attributes
                0x00000132       0x21 objdir-CWLITEARM/stm32f3_startup.o
 .ARM.attributes
                0x00000153       0x2e c:/users/parth/chipwh~1/cw/home/portable/armgcc/bin/../lib/gcc/arm-none-eabi/10.2.1/../../../../arm-none-eabi/lib/thumb/v7e-m/nofp\libg_nano.a(lib_a-errno.o)
 .ARM.attributes
                0x00000181       0x2e c:/users/parth/chipwh~1/cw/home/portable/armgcc/bin/../lib/gcc/arm-none-eabi/10.2.1/../../../../arm-none-eabi/lib/thumb/v7e-m/nofp\libg_nano.a(lib_a-fopen.o)
 .ARM.attributes
                0x000001af       0x2e c:/users/parth/chipwh~1/cw/home/portable/armgcc/bin/../lib/gcc/arm-none-eabi/10.2.1/../../../../arm-none-eabi/lib/thumb/v7e-m/nofp\libg_nano.a(lib_a-fscanf.o)
 .ARM.attributes
                0x000001dd       0x2e c:/users/parth/chipwh~1/cw/home/portable/armgcc/bin/../lib/gcc/arm-none-eabi/10.2.1/../../../../arm-none-eabi/lib/thumb/v7e-m/nofp\libg_nano.a(lib_a-fseek.o)
 .ARM.attributes
                0x0000020b       0x2e c:/users/parth/chipwh~1/cw/home/portable/armgcc/bin/../lib/gcc/arm-none-eabi/10.2.1/../../../../arm-none-eabi/lib/thumb/v7e-m/nofp\libg_nano.a(lib_a-fseeko.o)
 .ARM.attributes
                0x00000239       0x2e c:/users/parth/chipwh~1/cw/home/portable/armgcc/bin/../lib/gcc/arm-none-eabi/10.2.1/../../../../arm-none-eabi/lib/thumb/v7e-m/nofp\libg_nano.a(lib_a-ftello.o)
 .ARM.attributes
                0x00000267       0x2e c:/users/parth/chipwh~1/cw/home/portable/armgcc/bin/../lib/gcc/arm-none-eabi/10.2.1/../../../../arm-none-eabi/lib/thumb/v7e-m/nofp\libg_nano.a(lib_a-impure.o)
 .ARM.attributes
                0x00000295       0x2e c:/users/parth/chipwh~1/cw/home/portable/armgcc/bin/../lib/gcc/arm-none-eabi/10.2.1/../../../../arm-none-eabi/lib/thumb/v7e-m/nofp\libg_nano.a(lib_a-init.o)
 .ARM.attributes
                0x000002c3       0x2e c:/users/parth/chipwh~1/cw/home/portable/armgcc/bin/../lib/gcc/arm-none-eabi/10.2.1/../../../../arm-none-eabi/lib/thumb/v7e-m/nofp\libg_nano.a(lib_a-lock.o)
 .ARM.attributes
                0x000002f1       0x2e c:/users/parth/chipwh~1/cw/home/portable/armgcc/bin/../lib/gcc/arm-none-eabi/10.2.1/../../../../arm-none-eabi/lib/thumb/v7e-m/nofp\libg_nano.a(lib_a-makebuf.o)
 .ARM.attributes
                0x0000031f       0x2e c:/users/parth/chipwh~1/cw/home/portable/armgcc/bin/../lib/gcc/arm-none-eabi/10.2.1/../../../../arm-none-eabi/lib/thumb/v7e-m/nofp\libg_nano.a(lib_a-malloc.o)
 .ARM.attributes
                0x0000034d       0x2e c:/users/parth/chipwh~1/cw/home/portable/armgcc/bin/../lib/gcc/arm-none-eabi/10.2.1/../../../../arm-none-eabi/lib/thumb/v7e-m/nofp\libg_nano.a(lib_a-memset.o)
 .ARM.attributes
                0x0000037b       0x2e c:/users/parth/chipwh~1/cw/home/portable/armgcc/bin/../lib/gcc/arm-none-eabi/10.2.1/../../../../arm-none-eabi/lib/thumb/v7e-m/nofp\libg_nano.a(lib_a-nano-freer.o)
 .ARM.attributes
                0x000003a9       0x2e c:/users/parth/chipwh~1/cw/home/portable/armgcc/bin/../lib/gcc/arm-none-eabi/10.2.1/../../../../arm-none-eabi/lib/thumb/v7e-m/nofp\libg_nano.a(lib_a-nano-mallocr.o)
 .ARM.attributes
                0x000003d7       0x2e c:/users/parth/chipwh~1/cw/home/portable/armgcc/bin/../lib/gcc/arm-none-eabi/10.2.1/../../../../arm-none-eabi/lib/thumb/v7e-m/nofp\libg_nano.a(lib_a-nano-vfscanf.o)
 .ARM.attributes
                0x00000405       0x2e c:/users/parth/chipwh~1/cw/home/portable/armgcc/bin/../lib/gcc/arm-none-eabi/10.2.1/../../../../arm-none-eabi/lib/thumb/v7e-m/nofp\libg_nano.a(lib_a-nano-vfscanf_i.o)
 .ARM.attributes
                0x00000433       0x2e c:/users/parth/chipwh~1/cw/home/portable/armgcc/bin/../lib/gcc/arm-none-eabi/10.2.1/../../../../arm-none-eabi/lib/thumb/v7e-m/nofp\libg_nano.a(lib_a-openr.o)
 .ARM.attributes
                0x00000461       0x2e c:/users/parth/chipwh~1/cw/home/portable/armgcc/bin/../lib/gcc/arm-none-eabi/10.2.1/../../../../arm-none-eabi/lib/thumb/v7e-m/nofp\libg_nano.a(lib_a-reent.o)
 .ARM.attributes
                0x0000048f       0x2e c:/users/parth/chipwh~1/cw/home/portable/armgcc/bin/../lib/gcc/arm-none-eabi/10.2.1/../../../../arm-none-eabi/lib/thumb/v7e-m/nofp\libg_nano.a(lib_a-refill.o)
 .ARM.attributes
                0x000004bd       0x2e c:/users/parth/chipwh~1/cw/home/portable/armgcc/bin/../lib/gcc/arm-none-eabi/10.2.1/../../../../arm-none-eabi/lib/thumb/v7e-m/nofp\libg_nano.a(lib_a-sbrkr.o)
 .ARM.attributes
                0x000004eb       0x2e c:/users/parth/chipwh~1/cw/home/portable/armgcc/bin/../lib/gcc/arm-none-eabi/10.2.1/../../../../arm-none-eabi/lib/thumb/v7e-m/nofp\libg_nano.a(lib_a-sccl.o)
 .ARM.attributes
                0x00000519       0x2e c:/users/parth/chipwh~1/cw/home/portable/armgcc/bin/../lib/gcc/arm-none-eabi/10.2.1/../../../../arm-none-eabi/lib/thumb/v7e-m/nofp\libg_nano.a(lib_a-stdio.o)
 .ARM.attributes
                0x00000547       0x2e c:/users/parth/chipwh~1/cw/home/portable/armgcc/bin/../lib/gcc/arm-none-eabi/10.2.1/../../../../arm-none-eabi/lib/thumb/v7e-m/nofp\libg_nano.a(lib_a-strtol.o)
 .ARM.attributes
                0x00000575       0x2e c:/users/parth/chipwh~1/cw/home/portable/armgcc/bin/../lib/gcc/arm-none-eabi/10.2.1/../../../../arm-none-eabi/lib/thumb/v7e-m/nofp\libg_nano.a(lib_a-strtoul.o)
 .ARM.attributes
                0x000005a3       0x2e c:/users/parth/chipwh~1/cw/home/portable/armgcc/bin/../lib/gcc/arm-none-eabi/10.2.1/../../../../arm-none-eabi/lib/thumb/v7e-m/nofp\libg_nano.a(lib_a-ungetc.o)
 .ARM.attributes
                0x000005d1       0x2e c:/users/parth/chipwh~1/cw/home/portable/armgcc/bin/../lib/gcc/arm-none-eabi/10.2.1/../../../../arm-none-eabi/lib/thumb/v7e-m/nofp\libg_nano.a(lib_a-writer.o)
 .ARM.attributes
                0x000005ff       0x2e c:/users/parth/chipwh~1/cw/home/portable/armgcc/bin/../lib/gcc/arm-none-eabi/10.2.1/../../../../arm-none-eabi/lib/thumb/v7e-m/nofp\libg_nano.a(lib_a-closer.o)
 .ARM.attributes
                0x0000062d       0x2e c:/users/parth/chipwh~1/cw/home/portable/armgcc/bin/../lib/gcc/arm-none-eabi/10.2.1/../../../../arm-none-eabi/lib/thumb/v7e-m/nofp\libg_nano.a(lib_a-ctype_.o)
 .ARM.attributes
                0x0000065b       0x2e c:/users/parth/chipwh~1/cw/home/portable/armgcc/bin/../lib/gcc/arm-none-eabi/10.2.1/../../../../arm-none-eabi/lib/thumb/v7e-m/nofp\libg_nano.a(lib_a-fflush.o)
 .ARM.attributes
                0x00000689       0x2e c:/users/parth/chipwh~1/cw/home/portable/armgcc/bin/../lib/gcc/arm-none-eabi/10.2.1/../../../../arm-none-eabi/lib/thumb/v7e-m/nofp\libg_nano.a(lib_a-findfp.o)
 .ARM.attributes
                0x000006b7       0x2e c:/users/parth/chipwh~1/cw/home/portable/armgcc/bin/../lib/gcc/arm-none-eabi/10.2.1/../../../../arm-none-eabi/lib/thumb/v7e-m/nofp\libg_nano.a(lib_a-flags.o)
 .ARM.attributes
                0x000006e5       0x2e c:/users/parth/chipwh~1/cw/home/portable/armgcc/bin/../lib/gcc/arm-none-eabi/10.2.1/../../../../arm-none-eabi/lib/thumb/v7e-m/nofp\libg_nano.a(lib_a-fstatr.o)
 .ARM.attributes
                0x00000713       0x2e c:/users/parth/chipwh~1/cw/home/portable/armgcc/bin/../lib/gcc/arm-none-eabi/10.2.1/../../../../arm-none-eabi/lib/thumb/v7e-m/nofp\libg_nano.a(lib_a-fwalk.o)
 .ARM.attributes
                0x00000741       0x2e c:/users/parth/chipwh~1/cw/home/portable/armgcc/bin/../lib/gcc/arm-none-eabi/10.2.1/../../../../arm-none-eabi/lib/thumb/v7e-m/nofp\libg_nano.a(lib_a-isattyr.o)
 .ARM.attributes
                0x0000076f       0x2e c:/users/parth/chipwh~1/cw/home/portable/armgcc/bin/../lib/gcc/arm-none-eabi/10.2.1/../../../../arm-none-eabi/lib/thumb/v7e-m/nofp\libg_nano.a(lib_a-lseekr.o)
 .ARM.attributes
                0x0000079d       0x1c c:/users/parth/chipwh~1/cw/home/portable/armgcc/bin/../lib/gcc/arm-none-eabi/10.2.1/../../../../arm-none-eabi/lib/thumb/v7e-m/nofp\libg_nano.a(lib_a-memchr.o)
 .ARM.attributes
                0x000007b9       0x2e c:/users/parth/chipwh~1/cw/home/portable/armgcc/bin/../lib/gcc/arm-none-eabi/10.2.1/../../../../arm-none-eabi/lib/thumb/v7e-m/nofp\libg_nano.a(lib_a-memcpy-stub.o)
 .ARM.attributes
                0x000007e7       0x2e c:/users/parth/chipwh~1/cw/home/portable/armgcc/bin/../lib/gcc/arm-none-eabi/10.2.1/../../../../arm-none-eabi/lib/thumb/v7e-m/nofp\libg_nano.a(lib_a-mlock.o)
 .ARM.attributes
                0x00000815       0x2e c:/users/parth/chipwh~1/cw/home/portable/armgcc/bin/../lib/gcc/arm-none-eabi/10.2.1/../../../../arm-none-eabi/lib/thumb/v7e-m/nofp\libg_nano.a(lib_a-nano-reallocr.o)
 .ARM.attributes
                0x00000843       0x2e c:/users/parth/chipwh~1/cw/home/portable/armgcc/bin/../lib/gcc/arm-none-eabi/10.2.1/../../../../arm-none-eabi/lib/thumb/v7e-m/nofp\libg_nano.a(lib_a-readr.o)
 .ARM.attributes
                0x00000871       0x2e c:/users/parth/chipwh~1/cw/home/portable/armgcc/bin/../lib/gcc/arm-none-eabi/10.2.1/../../../../arm-none-eabi/lib/thumb/v7e-m/nofp\libg_nano.a(lib_a-nano-msizer.o)
 .ARM.attributes
                0x0000089f       0x2e c:/users/parth/chipwh~1/cw/home/portable/armgcc/bin/../lib/gcc/arm-none-eabi/10.2.1/../../../../arm-none-eabi/lib/thumb/v7e-m/nofp\libnosys.a(close.o)
 .ARM.attributes
                0x000008cd       0x2e c:/users/parth/chipwh~1/cw/home/portable/armgcc/bin/../lib/gcc/arm-none-eabi/10.2.1/../../../../arm-none-eabi/lib/thumb/v7e-m/nofp\libnosys.a(fstat.o)
 .ARM.attributes
                0x000008fb       0x2e c:/users/parth/chipwh~1/cw/home/portable/armgcc/bin/../lib/gcc/arm-none-eabi/10.2.1/../../../../arm-none-eabi/lib/thumb/v7e-m/nofp\libnosys.a(isatty.o)
 .ARM.attributes
                0x00000929       0x2e c:/users/parth/chipwh~1/cw/home/portable/armgcc/bin/../lib/gcc/arm-none-eabi/10.2.1/../../../../arm-none-eabi/lib/thumb/v7e-m/nofp\libnosys.a(lseek.o)
 .ARM.attributes
                0x00000957       0x2e c:/users/parth/chipwh~1/cw/home/portable/armgcc/bin/../lib/gcc/arm-none-eabi/10.2.1/../../../../arm-none-eabi/lib/thumb/v7e-m/nofp\libnosys.a(open.o)
 .ARM.attributes
                0x00000985       0x2e c:/users/parth/chipwh~1/cw/home/portable/armgcc/bin/../lib/gcc/arm-none-eabi/10.2.1/../../../../arm-none-eabi/lib/thumb/v7e-m/nofp\libnosys.a(read.o)
 .ARM.attributes
                0x000009b3       0x2e c:/users/parth/chipwh~1/cw/home/portable/armgcc/bin/../lib/gcc/arm-none-eabi/10.2.1/../../../../arm-none-eabi/lib/thumb/v7e-m/nofp\libnosys.a(write.o)
 .ARM.attributes
                0x000009e1       0x1e c:/users/parth/chipwh~1/cw/home/portable/armgcc/bin/../lib/gcc/arm-none-eabi/10.2.1/thumb/v7e-m/nofp/crtn.o
OUTPUT(simpleserial-base-CWLITEARM.elf elf32-littlearm)
LOAD linker stubs
LOAD c:/users/parth/chipwh~1/cw/home/portable/armgcc/bin/../lib/gcc/arm-none-eabi/10.2.1/../../../../arm-none-eabi/lib/thumb/v7e-m/nofp\libc.a
LOAD c:/users/parth/chipwh~1/cw/home/portable/armgcc/bin/../lib/gcc/arm-none-eabi/10.2.1/../../../../arm-none-eabi/lib/thumb/v7e-m/nofp\libm.a
LOAD c:/users/parth/chipwh~1/cw/home/portable/armgcc/bin/../lib/gcc/arm-none-eabi/10.2.1/thumb/v7e-m/nofp\libgcc.a

.debug_info     0x00000000     0x4d33
 .debug_info    0x00000000     0x1033 objdir-CWLITEARM/simpleserial-base.o
 .debug_info    0x00001033      0x7a0 objdir-CWLITEARM/simpleserial.o
 .debug_info    0x000017d3      0xe88 objdir-CWLITEARM/stm32f3_hal.o
 .debug_info    0x0000265b     0x25bf objdir-CWLITEARM/stm32f3_hal_lowlevel.o
 .debug_info    0x00004c1a      0x119 objdir-CWLITEARM/stm32f3_sysmem.o

.debug_abbrev   0x00000000      0xd5a
 .debug_abbrev  0x00000000      0x318 objdir-CWLITEARM/simpleserial-base.o
 .debug_abbrev  0x00000318      0x28d objdir-CWLITEARM/simpleserial.o
 .debug_abbrev  0x000005a5      0x225 objdir-CWLITEARM/stm32f3_hal.o
 .debug_abbrev  0x000007ca      0x4af objdir-CWLITEARM/stm32f3_hal_lowlevel.o
 .debug_abbrev  0x00000c79       0xe1 objdir-CWLITEARM/stm32f3_sysmem.o

.debug_loc      0x00000000     0x21ba
 .debug_loc     0x00000000      0x323 objdir-CWLITEARM/simpleserial-base.o
 .debug_loc     0x00000323      0x60e objdir-CWLITEARM/simpleserial.o
 .debug_loc     0x00000931      0x1a4 objdir-CWLITEARM/stm32f3_hal.o
 .debug_loc     0x00000ad5     0x1671 objdir-CWLITEARM/stm32f3_hal_lowlevel.o
 .debug_loc     0x00002146       0x74 objdir-CWLITEARM/stm32f3_sysmem.o

.debug_aranges  0x00000000      0x1b0
 .debug_aranges
                0x00000000       0x38 objdir-CWLITEARM/simpleserial-base.o
 .debug_aranges
                0x00000038       0x68 objdir-CWLITEARM/simpleserial.o
 .debug_aranges
                0x000000a0       0x60 objdir-CWLITEARM/stm32f3_hal.o
 .debug_aranges
                0x00000100       0x90 objdir-CWLITEARM/stm32f3_hal_lowlevel.o
 .debug_aranges
                0x00000190       0x20 objdir-CWLITEARM/stm32f3_sysmem.o

.debug_ranges   0x00000000      0x450
 .debug_ranges  0x00000000       0x90 objdir-CWLITEARM/simpleserial-base.o
 .debug_ranges  0x00000090      0x100 objdir-CWLITEARM/simpleserial.o
 .debug_ranges  0x00000190       0xb0 objdir-CWLITEARM/stm32f3_hal.o
 .debug_ranges  0x00000240      0x200 objdir-CWLITEARM/stm32f3_hal_lowlevel.o
 .debug_ranges  0x00000440       0x10 objdir-CWLITEARM/stm32f3_sysmem.o

.debug_line     0x00000000     0x25e3
 .debug_line    0x00000000      0x441 objdir-CWLITEARM/simpleserial-base.o
 .debug_line    0x00000441      0x5a8 objdir-CWLITEARM/simpleserial.o
 .debug_line    0x000009e9      0x3c7 objdir-CWLITEARM/stm32f3_hal.o
 .debug_line    0x00000db0     0x172b objdir-CWLITEARM/stm32f3_hal_lowlevel.o
 .debug_line    0x000024db      0x108 objdir-CWLITEARM/stm32f3_sysmem.o

.debug_str      0x00000000     0x179c
 .debug_str     0x00000000      0x6b9 objdir-CWLITEARM/simpleserial-base.o
                                0x72a (size before relaxing)
 .debug_str     0x000006b9       0xe1 objdir-CWLITEARM/simpleserial.o
                                0x31d (size before relaxing)
 .debug_str     0x0000079a      0x6fb objdir-CWLITEARM/stm32f3_hal.o
                                0x961 (size before relaxing)
 .debug_str     0x00000e95      0x8b2 objdir-CWLITEARM/stm32f3_hal_lowlevel.o
                               0x11c6 (size before relaxing)
 .debug_str     0x00001747       0x55 objdir-CWLITEARM/stm32f3_sysmem.o
                                0x21f (size before relaxing)

.comment        0x00000000       0x4d
 .comment       0x00000000       0x4d objdir-CWLITEARM/simpleserial-base.o
                                 0x4e (size before relaxing)
 .comment       0x0000004d       0x4e objdir-CWLITEARM/simpleserial.o
 .comment       0x0000004d       0x4e objdir-CWLITEARM/stm32f3_hal.o
 .comment       0x0000004d       0x4e objdir-CWLITEARM/stm32f3_hal_lowlevel.o
 .comment       0x0000004d       0x4e objdir-CWLITEARM/stm32f3_sysmem.o

.debug_frame    0x00000000     0x10ac
 .debug_frame   0x00000000       0x9c objdir-CWLITEARM/simpleserial-base.o
 .debug_frame   0x0000009c      0x12c objdir-CWLITEARM/simpleserial.o
 .debug_frame   0x000001c8       0xec objdir-CWLITEARM/stm32f3_hal.o
 .debug_frame   0x000002b4      0x1d4 objdir-CWLITEARM/stm32f3_hal_lowlevel.o
 .debug_frame   0x00000488       0x28 objdir-CWLITEARM/stm32f3_sysmem.o
 .debug_frame   0x000004b0       0x20 c:/users/parth/chipwh~1/cw/home/portable/armgcc/bin/../lib/gcc/arm-none-eabi/10.2.1/../../../../arm-none-eabi/lib/thumb/v7e-m/nofp\libg_nano.a(lib_a-errno.o)
 .debug_frame   0x000004d0       0x44 c:/users/parth/chipwh~1/cw/home/portable/armgcc/bin/../lib/gcc/arm-none-eabi/10.2.1/../../../../arm-none-eabi/lib/thumb/v7e-m/nofp\libg_nano.a(lib_a-fopen.o)
 .debug_frame   0x00000514       0x64 c:/users/parth/chipwh~1/cw/home/portable/armgcc/bin/../lib/gcc/arm-none-eabi/10.2.1/../../../../arm-none-eabi/lib/thumb/v7e-m/nofp\libg_nano.a(lib_a-fscanf.o)
 .debug_frame   0x00000578       0x30 c:/users/parth/chipwh~1/cw/home/portable/armgcc/bin/../lib/gcc/arm-none-eabi/10.2.1/../../../../arm-none-eabi/lib/thumb/v7e-m/nofp\libg_nano.a(lib_a-fseek.o)
 .debug_frame   0x000005a8       0x40 c:/users/parth/chipwh~1/cw/home/portable/armgcc/bin/../lib/gcc/arm-none-eabi/10.2.1/../../../../arm-none-eabi/lib/thumb/v7e-m/nofp\libg_nano.a(lib_a-fseeko.o)
 .debug_frame   0x000005e8       0x3c c:/users/parth/chipwh~1/cw/home/portable/armgcc/bin/../lib/gcc/arm-none-eabi/10.2.1/../../../../arm-none-eabi/lib/thumb/v7e-m/nofp\libg_nano.a(lib_a-ftello.o)
 .debug_frame   0x00000624       0x2c c:/users/parth/chipwh~1/cw/home/portable/armgcc/bin/../lib/gcc/arm-none-eabi/10.2.1/../../../../arm-none-eabi/lib/thumb/v7e-m/nofp\libg_nano.a(lib_a-init.o)
 .debug_frame   0x00000650       0xb0 c:/users/parth/chipwh~1/cw/home/portable/armgcc/bin/../lib/gcc/arm-none-eabi/10.2.1/../../../../arm-none-eabi/lib/thumb/v7e-m/nofp\libg_nano.a(lib_a-lock.o)
 .debug_frame   0x00000700       0x58 c:/users/parth/chipwh~1/cw/home/portable/armgcc/bin/../lib/gcc/arm-none-eabi/10.2.1/../../../../arm-none-eabi/lib/thumb/v7e-m/nofp\libg_nano.a(lib_a-makebuf.o)
 .debug_frame   0x00000758       0x30 c:/users/parth/chipwh~1/cw/home/portable/armgcc/bin/../lib/gcc/arm-none-eabi/10.2.1/../../../../arm-none-eabi/lib/thumb/v7e-m/nofp\libg_nano.a(lib_a-malloc.o)
 .debug_frame   0x00000788       0x20 c:/users/parth/chipwh~1/cw/home/portable/armgcc/bin/../lib/gcc/arm-none-eabi/10.2.1/../../../../arm-none-eabi/lib/thumb/v7e-m/nofp\libg_nano.a(lib_a-memset.o)
 .debug_frame   0x000007a8       0x38 c:/users/parth/chipwh~1/cw/home/portable/armgcc/bin/../lib/gcc/arm-none-eabi/10.2.1/../../../../arm-none-eabi/lib/thumb/v7e-m/nofp\libg_nano.a(lib_a-nano-freer.o)
 .debug_frame   0x000007e0       0x30 c:/users/parth/chipwh~1/cw/home/portable/armgcc/bin/../lib/gcc/arm-none-eabi/10.2.1/../../../../arm-none-eabi/lib/thumb/v7e-m/nofp\libg_nano.a(lib_a-nano-mallocr.o)
 .debug_frame   0x00000810       0xa8 c:/users/parth/chipwh~1/cw/home/portable/armgcc/bin/../lib/gcc/arm-none-eabi/10.2.1/../../../../arm-none-eabi/lib/thumb/v7e-m/nofp\libg_nano.a(lib_a-nano-vfscanf.o)
 .debug_frame   0x000008b8       0x64 c:/users/parth/chipwh~1/cw/home/portable/armgcc/bin/../lib/gcc/arm-none-eabi/10.2.1/../../../../arm-none-eabi/lib/thumb/v7e-m/nofp\libg_nano.a(lib_a-nano-vfscanf_i.o)
 .debug_frame   0x0000091c       0x2c c:/users/parth/chipwh~1/cw/home/portable/armgcc/bin/../lib/gcc/arm-none-eabi/10.2.1/../../../../arm-none-eabi/lib/thumb/v7e-m/nofp\libg_nano.a(lib_a-openr.o)
 .debug_frame   0x00000948       0x5c c:/users/parth/chipwh~1/cw/home/portable/armgcc/bin/../lib/gcc/arm-none-eabi/10.2.1/../../../../arm-none-eabi/lib/thumb/v7e-m/nofp\libg_nano.a(lib_a-reent.o)
 .debug_frame   0x000009a4       0x40 c:/users/parth/chipwh~1/cw/home/portable/armgcc/bin/../lib/gcc/arm-none-eabi/10.2.1/../../../../arm-none-eabi/lib/thumb/v7e-m/nofp\libg_nano.a(lib_a-refill.o)
 .debug_frame   0x000009e4       0x2c c:/users/parth/chipwh~1/cw/home/portable/armgcc/bin/../lib/gcc/arm-none-eabi/10.2.1/../../../../arm-none-eabi/lib/thumb/v7e-m/nofp\libg_nano.a(lib_a-sbrkr.o)
 .debug_frame   0x00000a10       0x2c c:/users/parth/chipwh~1/cw/home/portable/armgcc/bin/../lib/gcc/arm-none-eabi/10.2.1/../../../../arm-none-eabi/lib/thumb/v7e-m/nofp\libg_nano.a(lib_a-sccl.o)
 .debug_frame   0x00000a3c       0x88 c:/users/parth/chipwh~1/cw/home/portable/armgcc/bin/../lib/gcc/arm-none-eabi/10.2.1/../../../../arm-none-eabi/lib/thumb/v7e-m/nofp\libg_nano.a(lib_a-stdio.o)
 .debug_frame   0x00000ac4       0x64 c:/users/parth/chipwh~1/cw/home/portable/armgcc/bin/../lib/gcc/arm-none-eabi/10.2.1/../../../../arm-none-eabi/lib/thumb/v7e-m/nofp\libg_nano.a(lib_a-strtol.o)
 .debug_frame   0x00000b28       0x64 c:/users/parth/chipwh~1/cw/home/portable/armgcc/bin/../lib/gcc/arm-none-eabi/10.2.1/../../../../arm-none-eabi/lib/thumb/v7e-m/nofp\libg_nano.a(lib_a-strtoul.o)
 .debug_frame   0x00000b8c       0x5c c:/users/parth/chipwh~1/cw/home/portable/armgcc/bin/../lib/gcc/arm-none-eabi/10.2.1/../../../../arm-none-eabi/lib/thumb/v7e-m/nofp\libg_nano.a(lib_a-ungetc.o)
 .debug_frame   0x00000be8       0x2c c:/users/parth/chipwh~1/cw/home/portable/armgcc/bin/../lib/gcc/arm-none-eabi/10.2.1/../../../../arm-none-eabi/lib/thumb/v7e-m/nofp\libg_nano.a(lib_a-writer.o)
 .debug_frame   0x00000c14       0x2c c:/users/parth/chipwh~1/cw/home/portable/armgcc/bin/../lib/gcc/arm-none-eabi/10.2.1/../../../../arm-none-eabi/lib/thumb/v7e-m/nofp\libg_nano.a(lib_a-closer.o)
 .debug_frame   0x00000c40       0x5c c:/users/parth/chipwh~1/cw/home/portable/armgcc/bin/../lib/gcc/arm-none-eabi/10.2.1/../../../../arm-none-eabi/lib/thumb/v7e-m/nofp\libg_nano.a(lib_a-fflush.o)
 .debug_frame   0x00000c9c      0x14c c:/users/parth/chipwh~1/cw/home/portable/armgcc/bin/../lib/gcc/arm-none-eabi/10.2.1/../../../../arm-none-eabi/lib/thumb/v7e-m/nofp\libg_nano.a(lib_a-findfp.o)
 .debug_frame   0x00000de8       0x2c c:/users/parth/chipwh~1/cw/home/portable/armgcc/bin/../lib/gcc/arm-none-eabi/10.2.1/../../../../arm-none-eabi/lib/thumb/v7e-m/nofp\libg_nano.a(lib_a-flags.o)
 .debug_frame   0x00000e14       0x2c c:/users/parth/chipwh~1/cw/home/portable/armgcc/bin/../lib/gcc/arm-none-eabi/10.2.1/../../../../arm-none-eabi/lib/thumb/v7e-m/nofp\libg_nano.a(lib_a-fstatr.o)
 .debug_frame   0x00000e40       0x54 c:/users/parth/chipwh~1/cw/home/portable/armgcc/bin/../lib/gcc/arm-none-eabi/10.2.1/../../../../arm-none-eabi/lib/thumb/v7e-m/nofp\libg_nano.a(lib_a-fwalk.o)
 .debug_frame   0x00000e94       0x2c c:/users/parth/chipwh~1/cw/home/portable/armgcc/bin/../lib/gcc/arm-none-eabi/10.2.1/../../../../arm-none-eabi/lib/thumb/v7e-m/nofp\libg_nano.a(lib_a-isattyr.o)
 .debug_frame   0x00000ec0       0x2c c:/users/parth/chipwh~1/cw/home/portable/armgcc/bin/../lib/gcc/arm-none-eabi/10.2.1/../../../../arm-none-eabi/lib/thumb/v7e-m/nofp\libg_nano.a(lib_a-lseekr.o)
 .debug_frame   0x00000eec       0x28 c:/users/parth/chipwh~1/cw/home/portable/armgcc/bin/../lib/gcc/arm-none-eabi/10.2.1/../../../../arm-none-eabi/lib/thumb/v7e-m/nofp\libg_nano.a(lib_a-memcpy-stub.o)
 .debug_frame   0x00000f14       0x30 c:/users/parth/chipwh~1/cw/home/portable/armgcc/bin/../lib/gcc/arm-none-eabi/10.2.1/../../../../arm-none-eabi/lib/thumb/v7e-m/nofp\libg_nano.a(lib_a-mlock.o)
 .debug_frame   0x00000f44       0x3c c:/users/parth/chipwh~1/cw/home/portable/armgcc/bin/../lib/gcc/arm-none-eabi/10.2.1/../../../../arm-none-eabi/lib/thumb/v7e-m/nofp\libg_nano.a(lib_a-nano-reallocr.o)
 .debug_frame   0x00000f80       0x2c c:/users/parth/chipwh~1/cw/home/portable/armgcc/bin/../lib/gcc/arm-none-eabi/10.2.1/../../../../arm-none-eabi/lib/thumb/v7e-m/nofp\libg_nano.a(lib_a-readr.o)
 .debug_frame   0x00000fac       0x20 c:/users/parth/chipwh~1/cw/home/portable/armgcc/bin/../lib/gcc/arm-none-eabi/10.2.1/../../../../arm-none-eabi/lib/thumb/v7e-m/nofp\libg_nano.a(lib_a-nano-msizer.o)
 .debug_frame   0x00000fcc       0x20 c:/users/parth/chipwh~1/cw/home/portable/armgcc/bin/../lib/gcc/arm-none-eabi/10.2.1/../../../../arm-none-eabi/lib/thumb/v7e-m/nofp\libnosys.a(close.o)
 .debug_frame   0x00000fec       0x20 c:/users/parth/chipwh~1/cw/home/portable/armgcc/bin/../lib/gcc/arm-none-eabi/10.2.1/../../../../arm-none-eabi/lib/thumb/v7e-m/nofp\libnosys.a(fstat.o)
 .debug_frame   0x0000100c       0x20 c:/users/parth/chipwh~1/cw/home/portable/armgcc/bin/../lib/gcc/arm-none-eabi/10.2.1/../../../../arm-none-eabi/lib/thumb/v7e-m/nofp\libnosys.a(isatty.o)
 .debug_frame   0x0000102c       0x20 c:/users/parth/chipwh~1/cw/home/portable/armgcc/bin/../lib/gcc/arm-none-eabi/10.2.1/../../../../arm-none-eabi/lib/thumb/v7e-m/nofp\libnosys.a(lseek.o)
 .debug_frame   0x0000104c       0x20 c:/users/parth/chipwh~1/cw/home/portable/armgcc/bin/../lib/gcc/arm-none-eabi/10.2.1/../../../../arm-none-eabi/lib/thumb/v7e-m/nofp\libnosys.a(open.o)
 .debug_frame   0x0000106c       0x20 c:/users/parth/chipwh~1/cw/home/portable/armgcc/bin/../lib/gcc/arm-none-eabi/10.2.1/../../../../arm-none-eabi/lib/thumb/v7e-m/nofp\libnosys.a(read.o)
 .debug_frame   0x0000108c       0x20 c:/users/parth/chipwh~1/cw/home/portable/armgcc/bin/../lib/gcc/arm-none-eabi/10.2.1/../../../../arm-none-eabi/lib/thumb/v7e-m/nofp\libnosys.a(write.o)

.stab           0x00000000      0x1ec
 .stab          0x00000000      0x144 objdir-CWLITEARM/stm32f3_startup.o
 .stab          0x00000144       0x18 c:/users/parth/chipwh~1/cw/home/portable/armgcc/bin/../lib/gcc/arm-none-eabi/10.2.1/../../../../arm-none-eabi/lib/thumb/v7e-m/nofp\libnosys.a(close.o)
                                 0x24 (size before relaxing)
 .stab          0x0000015c       0x18 c:/users/parth/chipwh~1/cw/home/portable/armgcc/bin/../lib/gcc/arm-none-eabi/10.2.1/../../../../arm-none-eabi/lib/thumb/v7e-m/nofp\libnosys.a(fstat.o)
                                 0x24 (size before relaxing)
 .stab          0x00000174       0x18 c:/users/parth/chipwh~1/cw/home/portable/armgcc/bin/../lib/gcc/arm-none-eabi/10.2.1/../../../../arm-none-eabi/lib/thumb/v7e-m/nofp\libnosys.a(isatty.o)
                                 0x24 (size before relaxing)
 .stab          0x0000018c       0x18 c:/users/parth/chipwh~1/cw/home/portable/armgcc/bin/../lib/gcc/arm-none-eabi/10.2.1/../../../../arm-none-eabi/lib/thumb/v7e-m/nofp\libnosys.a(lseek.o)
                                 0x24 (size before relaxing)
 .stab          0x000001a4       0x18 c:/users/parth/chipwh~1/cw/home/portable/armgcc/bin/../lib/gcc/arm-none-eabi/10.2.1/../../../../arm-none-eabi/lib/thumb/v7e-m/nofp\libnosys.a(open.o)
                                 0x24 (size before relaxing)
 .stab          0x000001bc       0x18 c:/users/parth/chipwh~1/cw/home/portable/armgcc/bin/../lib/gcc/arm-none-eabi/10.2.1/../../../../arm-none-eabi/lib/thumb/v7e-m/nofp\libnosys.a(read.o)
                                 0x24 (size before relaxing)
 .stab          0x000001d4       0x18 c:/users/parth/chipwh~1/cw/home/portable/armgcc/bin/../lib/gcc/arm-none-eabi/10.2.1/../../../../arm-none-eabi/lib/thumb/v7e-m/nofp\libnosys.a(write.o)
                                 0x24 (size before relaxing)

.stabstr        0x00000000      0x1c9
 .stabstr       0x00000000      0x1c9 objdir-CWLITEARM/stm32f3_startup.o

Cross Reference Table

Symbol                                            File
BusFault_Handler                                  objdir-CWLITEARM/stm32f3_startup.o
DebugMon_Handler                                  objdir-CWLITEARM/stm32f3_startup.o
Default_Handler                                   objdir-CWLITEARM/stm32f3_startup.o
HAL_GPIO_Init                                     objdir-CWLITEARM/stm32f3_hal_lowlevel.o
                                                  objdir-CWLITEARM/stm32f3_hal.o
HAL_GPIO_WritePin                                 objdir-CWLITEARM/stm32f3_hal_lowlevel.o
                                                  objdir-CWLITEARM/stm32f3_hal.o
HAL_GetTick                                       objdir-CWLITEARM/stm32f3_hal_lowlevel.o
HAL_IncTick                                       objdir-CWLITEARM/stm32f3_hal_lowlevel.o
HAL_InitTick                                      objdir-CWLITEARM/stm32f3_hal_lowlevel.o
HAL_NVIC_SetPriority                              objdir-CWLITEARM/stm32f3_hal_lowlevel.o
HAL_RCC_ClockConfig                               objdir-CWLITEARM/stm32f3_hal_lowlevel.o
                                                  objdir-CWLITEARM/stm32f3_hal.o
HAL_RCC_GetPCLK1Freq                              objdir-CWLITEARM/stm32f3_hal_lowlevel.o
HAL_RCC_GetPCLK2Freq                              objdir-CWLITEARM/stm32f3_hal_lowlevel.o
HAL_RCC_GetSysClockFreq                           objdir-CWLITEARM/stm32f3_hal_lowlevel.o
HAL_RCC_OscConfig                                 objdir-CWLITEARM/stm32f3_hal_lowlevel.o
                                                  objdir-CWLITEARM/stm32f3_hal.o
HAL_UART_Init                                     objdir-CWLITEARM/stm32f3_hal_lowlevel.o
                                                  objdir-CWLITEARM/stm32f3_hal.o
HAL_UART_Receive                                  objdir-CWLITEARM/stm32f3_hal_lowlevel.o
                                                  objdir-CWLITEARM/stm32f3_hal.o
HAL_UART_Transmit                                 objdir-CWLITEARM/stm32f3_hal_lowlevel.o
                                                  objdir-CWLITEARM/stm32f3_hal.o
HardFault_Handler                                 objdir-CWLITEARM/stm32f3_startup.o
MemManage_Handler                                 objdir-CWLITEARM/stm32f3_startup.o
NMI_Handler                                       objdir-CWLITEARM/stm32f3_startup.o
PendSV_Handler                                    objdir-CWLITEARM/stm32f3_startup.o
Reset_Handler                                     objdir-CWLITEARM/stm32f3_startup.o
SVC_Handler                                       objdir-CWLITEARM/stm32f3_startup.o
SysTick_Handler                                   objdir-CWLITEARM/stm32f3_startup.o
SystemCoreClock                                   objdir-CWLITEARM/stm32f3_hal_lowlevel.o
SystemInit                                        objdir-CWLITEARM/stm32f3_startup.o
UART_CheckIdleState                               objdir-CWLITEARM/stm32f3_hal_lowlevel.o
UART_SetConfig                                    objdir-CWLITEARM/stm32f3_hal_lowlevel.o
UART_WaitOnFlagUntilTimeout                       objdir-CWLITEARM/stm32f3_hal_lowlevel.o
UartHandle                                        objdir-CWLITEARM/stm32f3_hal.o
UsageFault_Handler                                objdir-CWLITEARM/stm32f3_startup.o
__adddf3                                          c:/users/parth/chipwh~1/cw/home/portable/armgcc/bin/../lib/gcc/arm-none-eabi/10.2.1/thumb/v7e-m/nofp\libgcc.a(_arm_addsubdf3.o)
__addsf3                                          c:/users/parth/chipwh~1/cw/home/portable/armgcc/bin/../lib/gcc/arm-none-eabi/10.2.1/thumb/v7e-m/nofp\libgcc.a(_arm_addsubsf3.o)
__aeabi_d2f                                       c:/users/parth/chipwh~1/cw/home/portable/armgcc/bin/../lib/gcc/arm-none-eabi/10.2.1/thumb/v7e-m/nofp\libgcc.a(_arm_truncdfsf2.o)
                                                  objdir-CWLITEARM/simpleserial-base.o
__aeabi_dadd                                      c:/users/parth/chipwh~1/cw/home/portable/armgcc/bin/../lib/gcc/arm-none-eabi/10.2.1/thumb/v7e-m/nofp\libgcc.a(_arm_addsubdf3.o)
                                                  objdir-CWLITEARM/simpleserial-base.o
__aeabi_ddiv                                      c:/users/parth/chipwh~1/cw/home/portable/armgcc/bin/../lib/gcc/arm-none-eabi/10.2.1/thumb/v7e-m/nofp\libgcc.a(_arm_muldivdf3.o)
                                                  objdir-CWLITEARM/simpleserial-base.o
__aeabi_dmul                                      c:/users/parth/chipwh~1/cw/home/portable/armgcc/bin/../lib/gcc/arm-none-eabi/10.2.1/thumb/v7e-m/nofp\libgcc.a(_arm_muldivdf3.o)
__aeabi_drsub                                     c:/users/parth/chipwh~1/cw/home/portable/armgcc/bin/../lib/gcc/arm-none-eabi/10.2.1/thumb/v7e-m/nofp\libgcc.a(_arm_addsubdf3.o)
__aeabi_dsub                                      c:/users/parth/chipwh~1/cw/home/portable/armgcc/bin/../lib/gcc/arm-none-eabi/10.2.1/thumb/v7e-m/nofp\libgcc.a(_arm_addsubdf3.o)
__aeabi_f2d                                       c:/users/parth/chipwh~1/cw/home/portable/armgcc/bin/../lib/gcc/arm-none-eabi/10.2.1/thumb/v7e-m/nofp\libgcc.a(_arm_addsubdf3.o)
                                                  objdir-CWLITEARM/simpleserial-base.o
__aeabi_fadd                                      c:/users/parth/chipwh~1/cw/home/portable/armgcc/bin/../lib/gcc/arm-none-eabi/10.2.1/thumb/v7e-m/nofp\libgcc.a(_arm_addsubsf3.o)
                                                  objdir-CWLITEARM/simpleserial-base.o
__aeabi_fmul                                      c:/users/parth/chipwh~1/cw/home/portable/armgcc/bin/../lib/gcc/arm-none-eabi/10.2.1/thumb/v7e-m/nofp\libgcc.a(_arm_mulsf3.o)
                                                  objdir-CWLITEARM/simpleserial-base.o
__aeabi_frsub                                     c:/users/parth/chipwh~1/cw/home/portable/armgcc/bin/../lib/gcc/arm-none-eabi/10.2.1/thumb/v7e-m/nofp\libgcc.a(_arm_addsubsf3.o)
__aeabi_fsub                                      c:/users/parth/chipwh~1/cw/home/portable/armgcc/bin/../lib/gcc/arm-none-eabi/10.2.1/thumb/v7e-m/nofp\libgcc.a(_arm_addsubsf3.o)
                                                  objdir-CWLITEARM/simpleserial-base.o
__aeabi_i2d                                       c:/users/parth/chipwh~1/cw/home/portable/armgcc/bin/../lib/gcc/arm-none-eabi/10.2.1/thumb/v7e-m/nofp\libgcc.a(_arm_addsubdf3.o)
                                                  objdir-CWLITEARM/simpleserial-base.o
__aeabi_i2f                                       c:/users/parth/chipwh~1/cw/home/portable/armgcc/bin/../lib/gcc/arm-none-eabi/10.2.1/thumb/v7e-m/nofp\libgcc.a(_arm_addsubsf3.o)
__aeabi_l2d                                       c:/users/parth/chipwh~1/cw/home/portable/armgcc/bin/../lib/gcc/arm-none-eabi/10.2.1/thumb/v7e-m/nofp\libgcc.a(_arm_addsubdf3.o)
__aeabi_l2f                                       c:/users/parth/chipwh~1/cw/home/portable/armgcc/bin/../lib/gcc/arm-none-eabi/10.2.1/thumb/v7e-m/nofp\libgcc.a(_arm_addsubsf3.o)
__aeabi_ui2d                                      c:/users/parth/chipwh~1/cw/home/portable/armgcc/bin/../lib/gcc/arm-none-eabi/10.2.1/thumb/v7e-m/nofp\libgcc.a(_arm_addsubdf3.o)
__aeabi_ui2f                                      c:/users/parth/chipwh~1/cw/home/portable/armgcc/bin/../lib/gcc/arm-none-eabi/10.2.1/thumb/v7e-m/nofp\libgcc.a(_arm_addsubsf3.o)
__aeabi_ul2d                                      c:/users/parth/chipwh~1/cw/home/portable/armgcc/bin/../lib/gcc/arm-none-eabi/10.2.1/thumb/v7e-m/nofp\libgcc.a(_arm_addsubdf3.o)
__aeabi_ul2f                                      c:/users/parth/chipwh~1/cw/home/portable/armgcc/bin/../lib/gcc/arm-none-eabi/10.2.1/thumb/v7e-m/nofp\libgcc.a(_arm_addsubsf3.o)
__bss_end__                                       c:/users/parth/chipwh~1/cw/home/portable/armgcc/bin/../lib/gcc/arm-none-eabi/10.2.1/../../../../arm-none-eabi/lib/thumb/v7e-m/nofp/crt0.o
__bss_start__                                     c:/users/parth/chipwh~1/cw/home/portable/armgcc/bin/../lib/gcc/arm-none-eabi/10.2.1/../../../../arm-none-eabi/lib/thumb/v7e-m/nofp/crt0.o
__call_exitprocs                                  c:/users/parth/chipwh~1/cw/home/portable/armgcc/bin/../lib/gcc/arm-none-eabi/10.2.1/../../../../arm-none-eabi/lib/thumb/v7e-m/nofp\libg_nano.a(lib_a-exit.o)
__deregister_frame_info                           c:/users/parth/chipwh~1/cw/home/portable/armgcc/bin/../lib/gcc/arm-none-eabi/10.2.1/thumb/v7e-m/nofp/crtbegin.o
__divdf3                                          c:/users/parth/chipwh~1/cw/home/portable/armgcc/bin/../lib/gcc/arm-none-eabi/10.2.1/thumb/v7e-m/nofp\libgcc.a(_arm_muldivdf3.o)
__dso_handle                                      c:/users/parth/chipwh~1/cw/home/portable/armgcc/bin/../lib/gcc/arm-none-eabi/10.2.1/thumb/v7e-m/nofp/crtbegin.o
__errno                                           c:/users/parth/chipwh~1/cw/home/portable/armgcc/bin/../lib/gcc/arm-none-eabi/10.2.1/../../../../arm-none-eabi/lib/thumb/v7e-m/nofp\libg_nano.a(lib_a-errno.o)
                                                  c:/users/parth/chipwh~1/cw/home/portable/armgcc/bin/../lib/gcc/arm-none-eabi/10.2.1/../../../../arm-none-eabi/lib/thumb/v7e-m/nofp\libg_nano.a(lib_a-strtol.o)
                                                  objdir-CWLITEARM/stm32f3_sysmem.o
__extendsfdf2                                     c:/users/parth/chipwh~1/cw/home/portable/armgcc/bin/../lib/gcc/arm-none-eabi/10.2.1/thumb/v7e-m/nofp\libgcc.a(_arm_addsubdf3.o)
__floatdidf                                       c:/users/parth/chipwh~1/cw/home/portable/armgcc/bin/../lib/gcc/arm-none-eabi/10.2.1/thumb/v7e-m/nofp\libgcc.a(_arm_addsubdf3.o)
__floatdisf                                       c:/users/parth/chipwh~1/cw/home/portable/armgcc/bin/../lib/gcc/arm-none-eabi/10.2.1/thumb/v7e-m/nofp\libgcc.a(_arm_addsubsf3.o)
__floatsidf                                       c:/users/parth/chipwh~1/cw/home/portable/armgcc/bin/../lib/gcc/arm-none-eabi/10.2.1/thumb/v7e-m/nofp\libgcc.a(_arm_addsubdf3.o)
__floatsisf                                       c:/users/parth/chipwh~1/cw/home/portable/armgcc/bin/../lib/gcc/arm-none-eabi/10.2.1/thumb/v7e-m/nofp\libgcc.a(_arm_addsubsf3.o)
__floatundidf                                     c:/users/parth/chipwh~1/cw/home/portable/armgcc/bin/../lib/gcc/arm-none-eabi/10.2.1/thumb/v7e-m/nofp\libgcc.a(_arm_addsubdf3.o)
__floatundisf                                     c:/users/parth/chipwh~1/cw/home/portable/armgcc/bin/../lib/gcc/arm-none-eabi/10.2.1/thumb/v7e-m/nofp\libgcc.a(_arm_addsubsf3.o)
__floatunsidf                                     c:/users/parth/chipwh~1/cw/home/portable/armgcc/bin/../lib/gcc/arm-none-eabi/10.2.1/thumb/v7e-m/nofp\libgcc.a(_arm_addsubdf3.o)
__floatunsisf                                     c:/users/parth/chipwh~1/cw/home/portable/armgcc/bin/../lib/gcc/arm-none-eabi/10.2.1/thumb/v7e-m/nofp\libgcc.a(_arm_addsubsf3.o)
__fp_lock_all                                     c:/users/parth/chipwh~1/cw/home/portable/armgcc/bin/../lib/gcc/arm-none-eabi/10.2.1/../../../../arm-none-eabi/lib/thumb/v7e-m/nofp\libg_nano.a(lib_a-findfp.o)
__fp_unlock_all                                   c:/users/parth/chipwh~1/cw/home/portable/armgcc/bin/../lib/gcc/arm-none-eabi/10.2.1/../../../../arm-none-eabi/lib/thumb/v7e-m/nofp\libg_nano.a(lib_a-findfp.o)
__init_array_end                                  c:/users/parth/chipwh~1/cw/home/portable/armgcc/bin/../lib/gcc/arm-none-eabi/10.2.1/../../../../arm-none-eabi/lib/thumb/v7e-m/nofp\libg_nano.a(lib_a-init.o)
__init_array_start                                c:/users/parth/chipwh~1/cw/home/portable/armgcc/bin/../lib/gcc/arm-none-eabi/10.2.1/../../../../arm-none-eabi/lib/thumb/v7e-m/nofp\libg_nano.a(lib_a-init.o)
__libc_fini_array                                 c:/users/parth/chipwh~1/cw/home/portable/armgcc/bin/../lib/gcc/arm-none-eabi/10.2.1/../../../../arm-none-eabi/lib/thumb/v7e-m/nofp/crt0.o
__libc_init_array                                 c:/users/parth/chipwh~1/cw/home/portable/armgcc/bin/../lib/gcc/arm-none-eabi/10.2.1/../../../../arm-none-eabi/lib/thumb/v7e-m/nofp\libg_nano.a(lib_a-init.o)
                                                  objdir-CWLITEARM/stm32f3_startup.o
                                                  c:/users/parth/chipwh~1/cw/home/portable/armgcc/bin/../lib/gcc/arm-none-eabi/10.2.1/../../../../arm-none-eabi/lib/thumb/v7e-m/nofp/crt0.o
__lock___arc4random_mutex                         c:/users/parth/chipwh~1/cw/home/portable/armgcc/bin/../lib/gcc/arm-none-eabi/10.2.1/../../../../arm-none-eabi/lib/thumb/v7e-m/nofp\libg_nano.a(lib_a-lock.o)
__lock___at_quick_exit_mutex                      c:/users/parth/chipwh~1/cw/home/portable/armgcc/bin/../lib/gcc/arm-none-eabi/10.2.1/../../../../arm-none-eabi/lib/thumb/v7e-m/nofp\libg_nano.a(lib_a-lock.o)
__lock___atexit_recursive_mutex                   c:/users/parth/chipwh~1/cw/home/portable/armgcc/bin/../lib/gcc/arm-none-eabi/10.2.1/../../../../arm-none-eabi/lib/thumb/v7e-m/nofp\libg_nano.a(lib_a-lock.o)
__lock___dd_hash_mutex                            c:/users/parth/chipwh~1/cw/home/portable/armgcc/bin/../lib/gcc/arm-none-eabi/10.2.1/../../../../arm-none-eabi/lib/thumb/v7e-m/nofp\libg_nano.a(lib_a-lock.o)
__lock___env_recursive_mutex                      c:/users/parth/chipwh~1/cw/home/portable/armgcc/bin/../lib/gcc/arm-none-eabi/10.2.1/../../../../arm-none-eabi/lib/thumb/v7e-m/nofp\libg_nano.a(lib_a-lock.o)
__lock___malloc_recursive_mutex                   c:/users/parth/chipwh~1/cw/home/portable/armgcc/bin/../lib/gcc/arm-none-eabi/10.2.1/../../../../arm-none-eabi/lib/thumb/v7e-m/nofp\libg_nano.a(lib_a-lock.o)
                                                  c:/users/parth/chipwh~1/cw/home/portable/armgcc/bin/../lib/gcc/arm-none-eabi/10.2.1/../../../../arm-none-eabi/lib/thumb/v7e-m/nofp\libg_nano.a(lib_a-mlock.o)
__lock___sfp_recursive_mutex                      c:/users/parth/chipwh~1/cw/home/portable/armgcc/bin/../lib/gcc/arm-none-eabi/10.2.1/../../../../arm-none-eabi/lib/thumb/v7e-m/nofp\libg_nano.a(lib_a-lock.o)
                                                  c:/users/parth/chipwh~1/cw/home/portable/armgcc/bin/../lib/gcc/arm-none-eabi/10.2.1/../../../../arm-none-eabi/lib/thumb/v7e-m/nofp\libg_nano.a(lib_a-findfp.o)
__lock___sinit_recursive_mutex                    c:/users/parth/chipwh~1/cw/home/portable/armgcc/bin/../lib/gcc/arm-none-eabi/10.2.1/../../../../arm-none-eabi/lib/thumb/v7e-m/nofp\libg_nano.a(lib_a-lock.o)
                                                  c:/users/parth/chipwh~1/cw/home/portable/armgcc/bin/../lib/gcc/arm-none-eabi/10.2.1/../../../../arm-none-eabi/lib/thumb/v7e-m/nofp\libg_nano.a(lib_a-findfp.o)
__lock___tz_mutex                                 c:/users/parth/chipwh~1/cw/home/portable/armgcc/bin/../lib/gcc/arm-none-eabi/10.2.1/../../../../arm-none-eabi/lib/thumb/v7e-m/nofp\libg_nano.a(lib_a-lock.o)
__malloc_free_list                                c:/users/parth/chipwh~1/cw/home/portable/armgcc/bin/../lib/gcc/arm-none-eabi/10.2.1/../../../../arm-none-eabi/lib/thumb/v7e-m/nofp\libg_nano.a(lib_a-nano-mallocr.o)
                                                  c:/users/parth/chipwh~1/cw/home/portable/armgcc/bin/../lib/gcc/arm-none-eabi/10.2.1/../../../../arm-none-eabi/lib/thumb/v7e-m/nofp\libg_nano.a(lib_a-nano-freer.o)
__malloc_lock                                     c:/users/parth/chipwh~1/cw/home/portable/armgcc/bin/../lib/gcc/arm-none-eabi/10.2.1/../../../../arm-none-eabi/lib/thumb/v7e-m/nofp\libg_nano.a(lib_a-mlock.o)
                                                  c:/users/parth/chipwh~1/cw/home/portable/armgcc/bin/../lib/gcc/arm-none-eabi/10.2.1/../../../../arm-none-eabi/lib/thumb/v7e-m/nofp\libg_nano.a(lib_a-nano-mallocr.o)
                                                  c:/users/parth/chipwh~1/cw/home/portable/armgcc/bin/../lib/gcc/arm-none-eabi/10.2.1/../../../../arm-none-eabi/lib/thumb/v7e-m/nofp\libg_nano.a(lib_a-nano-freer.o)
__malloc_sbrk_start                               c:/users/parth/chipwh~1/cw/home/portable/armgcc/bin/../lib/gcc/arm-none-eabi/10.2.1/../../../../arm-none-eabi/lib/thumb/v7e-m/nofp\libg_nano.a(lib_a-nano-mallocr.o)
__malloc_unlock                                   c:/users/parth/chipwh~1/cw/home/portable/armgcc/bin/../lib/gcc/arm-none-eabi/10.2.1/../../../../arm-none-eabi/lib/thumb/v7e-m/nofp\libg_nano.a(lib_a-mlock.o)
                                                  c:/users/parth/chipwh~1/cw/home/portable/armgcc/bin/../lib/gcc/arm-none-eabi/10.2.1/../../../../arm-none-eabi/lib/thumb/v7e-m/nofp\libg_nano.a(lib_a-nano-mallocr.o)
                                                  c:/users/parth/chipwh~1/cw/home/portable/armgcc/bin/../lib/gcc/arm-none-eabi/10.2.1/../../../../arm-none-eabi/lib/thumb/v7e-m/nofp\libg_nano.a(lib_a-nano-freer.o)
__muldf3                                          c:/users/parth/chipwh~1/cw/home/portable/armgcc/bin/../lib/gcc/arm-none-eabi/10.2.1/thumb/v7e-m/nofp\libgcc.a(_arm_muldivdf3.o)
__mulsf3                                          c:/users/parth/chipwh~1/cw/home/portable/armgcc/bin/../lib/gcc/arm-none-eabi/10.2.1/thumb/v7e-m/nofp\libgcc.a(_arm_mulsf3.o)
__preinit_array_end                               c:/users/parth/chipwh~1/cw/home/portable/armgcc/bin/../lib/gcc/arm-none-eabi/10.2.1/../../../../arm-none-eabi/lib/thumb/v7e-m/nofp\libg_nano.a(lib_a-init.o)
__preinit_array_start                             c:/users/parth/chipwh~1/cw/home/portable/armgcc/bin/../lib/gcc/arm-none-eabi/10.2.1/../../../../arm-none-eabi/lib/thumb/v7e-m/nofp\libg_nano.a(lib_a-init.o)
__register_frame_info                             c:/users/parth/chipwh~1/cw/home/portable/armgcc/bin/../lib/gcc/arm-none-eabi/10.2.1/thumb/v7e-m/nofp/crtbegin.o
__retarget_lock_acquire                           c:/users/parth/chipwh~1/cw/home/portable/armgcc/bin/../lib/gcc/arm-none-eabi/10.2.1/../../../../arm-none-eabi/lib/thumb/v7e-m/nofp\libg_nano.a(lib_a-lock.o)
__retarget_lock_acquire_recursive                 c:/users/parth/chipwh~1/cw/home/portable/armgcc/bin/../lib/gcc/arm-none-eabi/10.2.1/../../../../arm-none-eabi/lib/thumb/v7e-m/nofp\libg_nano.a(lib_a-lock.o)
                                                  c:/users/parth/chipwh~1/cw/home/portable/armgcc/bin/../lib/gcc/arm-none-eabi/10.2.1/../../../../arm-none-eabi/lib/thumb/v7e-m/nofp\libg_nano.a(lib_a-mlock.o)
                                                  c:/users/parth/chipwh~1/cw/home/portable/armgcc/bin/../lib/gcc/arm-none-eabi/10.2.1/../../../../arm-none-eabi/lib/thumb/v7e-m/nofp\libg_nano.a(lib_a-findfp.o)
                                                  c:/users/parth/chipwh~1/cw/home/portable/armgcc/bin/../lib/gcc/arm-none-eabi/10.2.1/../../../../arm-none-eabi/lib/thumb/v7e-m/nofp\libg_nano.a(lib_a-fflush.o)
                                                  c:/users/parth/chipwh~1/cw/home/portable/armgcc/bin/../lib/gcc/arm-none-eabi/10.2.1/../../../../arm-none-eabi/lib/thumb/v7e-m/nofp\libg_nano.a(lib_a-ungetc.o)
                                                  c:/users/parth/chipwh~1/cw/home/portable/armgcc/bin/../lib/gcc/arm-none-eabi/10.2.1/../../../../arm-none-eabi/lib/thumb/v7e-m/nofp\libg_nano.a(lib_a-nano-vfscanf.o)
                                                  c:/users/parth/chipwh~1/cw/home/portable/armgcc/bin/../lib/gcc/arm-none-eabi/10.2.1/../../../../arm-none-eabi/lib/thumb/v7e-m/nofp\libg_nano.a(lib_a-ftello.o)
                                                  c:/users/parth/chipwh~1/cw/home/portable/armgcc/bin/../lib/gcc/arm-none-eabi/10.2.1/../../../../arm-none-eabi/lib/thumb/v7e-m/nofp\libg_nano.a(lib_a-fseeko.o)
                                                  c:/users/parth/chipwh~1/cw/home/portable/armgcc/bin/../lib/gcc/arm-none-eabi/10.2.1/../../../../arm-none-eabi/lib/thumb/v7e-m/nofp\libg_nano.a(lib_a-fopen.o)
__retarget_lock_close                             c:/users/parth/chipwh~1/cw/home/portable/armgcc/bin/../lib/gcc/arm-none-eabi/10.2.1/../../../../arm-none-eabi/lib/thumb/v7e-m/nofp\libg_nano.a(lib_a-lock.o)
__retarget_lock_close_recursive                   c:/users/parth/chipwh~1/cw/home/portable/armgcc/bin/../lib/gcc/arm-none-eabi/10.2.1/../../../../arm-none-eabi/lib/thumb/v7e-m/nofp\libg_nano.a(lib_a-lock.o)
                                                  c:/users/parth/chipwh~1/cw/home/portable/armgcc/bin/../lib/gcc/arm-none-eabi/10.2.1/../../../../arm-none-eabi/lib/thumb/v7e-m/nofp\libg_nano.a(lib_a-fopen.o)
__retarget_lock_init                              c:/users/parth/chipwh~1/cw/home/portable/armgcc/bin/../lib/gcc/arm-none-eabi/10.2.1/../../../../arm-none-eabi/lib/thumb/v7e-m/nofp\libg_nano.a(lib_a-lock.o)
__retarget_lock_init_recursive                    c:/users/parth/chipwh~1/cw/home/portable/armgcc/bin/../lib/gcc/arm-none-eabi/10.2.1/../../../../arm-none-eabi/lib/thumb/v7e-m/nofp\libg_nano.a(lib_a-lock.o)
                                                  c:/users/parth/chipwh~1/cw/home/portable/armgcc/bin/../lib/gcc/arm-none-eabi/10.2.1/../../../../arm-none-eabi/lib/thumb/v7e-m/nofp\libg_nano.a(lib_a-findfp.o)
__retarget_lock_release                           c:/users/parth/chipwh~1/cw/home/portable/armgcc/bin/../lib/gcc/arm-none-eabi/10.2.1/../../../../arm-none-eabi/lib/thumb/v7e-m/nofp\libg_nano.a(lib_a-lock.o)
__retarget_lock_release_recursive                 c:/users/parth/chipwh~1/cw/home/portable/armgcc/bin/../lib/gcc/arm-none-eabi/10.2.1/../../../../arm-none-eabi/lib/thumb/v7e-m/nofp\libg_nano.a(lib_a-lock.o)
                                                  c:/users/parth/chipwh~1/cw/home/portable/armgcc/bin/../lib/gcc/arm-none-eabi/10.2.1/../../../../arm-none-eabi/lib/thumb/v7e-m/nofp\libg_nano.a(lib_a-mlock.o)
                                                  c:/users/parth/chipwh~1/cw/home/portable/armgcc/bin/../lib/gcc/arm-none-eabi/10.2.1/../../../../arm-none-eabi/lib/thumb/v7e-m/nofp\libg_nano.a(lib_a-findfp.o)
                                                  c:/users/parth/chipwh~1/cw/home/portable/armgcc/bin/../lib/gcc/arm-none-eabi/10.2.1/../../../../arm-none-eabi/lib/thumb/v7e-m/nofp\libg_nano.a(lib_a-fflush.o)
                                                  c:/users/parth/chipwh~1/cw/home/portable/armgcc/bin/../lib/gcc/arm-none-eabi/10.2.1/../../../../arm-none-eabi/lib/thumb/v7e-m/nofp\libg_nano.a(lib_a-ungetc.o)
                                                  c:/users/parth/chipwh~1/cw/home/portable/armgcc/bin/../lib/gcc/arm-none-eabi/10.2.1/../../../../arm-none-eabi/lib/thumb/v7e-m/nofp\libg_nano.a(lib_a-nano-vfscanf.o)
                                                  c:/users/parth/chipwh~1/cw/home/portable/armgcc/bin/../lib/gcc/arm-none-eabi/10.2.1/../../../../arm-none-eabi/lib/thumb/v7e-m/nofp\libg_nano.a(lib_a-ftello.o)
                                                  c:/users/parth/chipwh~1/cw/home/portable/armgcc/bin/../lib/gcc/arm-none-eabi/10.2.1/../../../../arm-none-eabi/lib/thumb/v7e-m/nofp\libg_nano.a(lib_a-fseeko.o)
                                                  c:/users/parth/chipwh~1/cw/home/portable/armgcc/bin/../lib/gcc/arm-none-eabi/10.2.1/../../../../arm-none-eabi/lib/thumb/v7e-m/nofp\libg_nano.a(lib_a-fopen.o)
__retarget_lock_try_acquire                       c:/users/parth/chipwh~1/cw/home/portable/armgcc/bin/../lib/gcc/arm-none-eabi/10.2.1/../../../../arm-none-eabi/lib/thumb/v7e-m/nofp\libg_nano.a(lib_a-lock.o)
__retarget_lock_try_acquire_recursive             c:/users/parth/chipwh~1/cw/home/portable/armgcc/bin/../lib/gcc/arm-none-eabi/10.2.1/../../../../arm-none-eabi/lib/thumb/v7e-m/nofp\libg_nano.a(lib_a-lock.o)
__sccl                                            c:/users/parth/chipwh~1/cw/home/portable/armgcc/bin/../lib/gcc/arm-none-eabi/10.2.1/../../../../arm-none-eabi/lib/thumb/v7e-m/nofp\libg_nano.a(lib_a-sccl.o)
                                                  c:/users/parth/chipwh~1/cw/home/portable/armgcc/bin/../lib/gcc/arm-none-eabi/10.2.1/../../../../arm-none-eabi/lib/thumb/v7e-m/nofp\libg_nano.a(lib_a-nano-vfscanf_i.o)
                                                  c:/users/parth/chipwh~1/cw/home/portable/armgcc/bin/../lib/gcc/arm-none-eabi/10.2.1/../../../../arm-none-eabi/lib/thumb/v7e-m/nofp\libg_nano.a(lib_a-nano-vfscanf.o)
__sclose                                          c:/users/parth/chipwh~1/cw/home/portable/armgcc/bin/../lib/gcc/arm-none-eabi/10.2.1/../../../../arm-none-eabi/lib/thumb/v7e-m/nofp\libg_nano.a(lib_a-stdio.o)
                                                  c:/users/parth/chipwh~1/cw/home/portable/armgcc/bin/../lib/gcc/arm-none-eabi/10.2.1/../../../../arm-none-eabi/lib/thumb/v7e-m/nofp\libg_nano.a(lib_a-findfp.o)
                                                  c:/users/parth/chipwh~1/cw/home/portable/armgcc/bin/../lib/gcc/arm-none-eabi/10.2.1/../../../../arm-none-eabi/lib/thumb/v7e-m/nofp\libg_nano.a(lib_a-fopen.o)
__seofread                                        c:/users/parth/chipwh~1/cw/home/portable/armgcc/bin/../lib/gcc/arm-none-eabi/10.2.1/../../../../arm-none-eabi/lib/thumb/v7e-m/nofp\libg_nano.a(lib_a-stdio.o)
__sf_fake_stderr                                  c:/users/parth/chipwh~1/cw/home/portable/armgcc/bin/../lib/gcc/arm-none-eabi/10.2.1/../../../../arm-none-eabi/lib/thumb/v7e-m/nofp\libg_nano.a(lib_a-findfp.o)
                                                  c:/users/parth/chipwh~1/cw/home/portable/armgcc/bin/../lib/gcc/arm-none-eabi/10.2.1/../../../../arm-none-eabi/lib/thumb/v7e-m/nofp\libg_nano.a(lib_a-fflush.o)
                                                  c:/users/parth/chipwh~1/cw/home/portable/armgcc/bin/../lib/gcc/arm-none-eabi/10.2.1/../../../../arm-none-eabi/lib/thumb/v7e-m/nofp\libg_nano.a(lib_a-ungetc.o)
                                                  c:/users/parth/chipwh~1/cw/home/portable/armgcc/bin/../lib/gcc/arm-none-eabi/10.2.1/../../../../arm-none-eabi/lib/thumb/v7e-m/nofp\libg_nano.a(lib_a-refill.o)
                                                  c:/users/parth/chipwh~1/cw/home/portable/armgcc/bin/../lib/gcc/arm-none-eabi/10.2.1/../../../../arm-none-eabi/lib/thumb/v7e-m/nofp\libg_nano.a(lib_a-nano-vfscanf.o)
                                                  c:/users/parth/chipwh~1/cw/home/portable/armgcc/bin/../lib/gcc/arm-none-eabi/10.2.1/../../../../arm-none-eabi/lib/thumb/v7e-m/nofp\libg_nano.a(lib_a-impure.o)
                                                  c:/users/parth/chipwh~1/cw/home/portable/armgcc/bin/../lib/gcc/arm-none-eabi/10.2.1/../../../../arm-none-eabi/lib/thumb/v7e-m/nofp\libg_nano.a(lib_a-ftello.o)
                                                  c:/users/parth/chipwh~1/cw/home/portable/armgcc/bin/../lib/gcc/arm-none-eabi/10.2.1/../../../../arm-none-eabi/lib/thumb/v7e-m/nofp\libg_nano.a(lib_a-fseeko.o)
__sf_fake_stdin                                   c:/users/parth/chipwh~1/cw/home/portable/armgcc/bin/../lib/gcc/arm-none-eabi/10.2.1/../../../../arm-none-eabi/lib/thumb/v7e-m/nofp\libg_nano.a(lib_a-findfp.o)
                                                  c:/users/parth/chipwh~1/cw/home/portable/armgcc/bin/../lib/gcc/arm-none-eabi/10.2.1/../../../../arm-none-eabi/lib/thumb/v7e-m/nofp\libg_nano.a(lib_a-fflush.o)
                                                  c:/users/parth/chipwh~1/cw/home/portable/armgcc/bin/../lib/gcc/arm-none-eabi/10.2.1/../../../../arm-none-eabi/lib/thumb/v7e-m/nofp\libg_nano.a(lib_a-ungetc.o)
                                                  c:/users/parth/chipwh~1/cw/home/portable/armgcc/bin/../lib/gcc/arm-none-eabi/10.2.1/../../../../arm-none-eabi/lib/thumb/v7e-m/nofp\libg_nano.a(lib_a-refill.o)
                                                  c:/users/parth/chipwh~1/cw/home/portable/armgcc/bin/../lib/gcc/arm-none-eabi/10.2.1/../../../../arm-none-eabi/lib/thumb/v7e-m/nofp\libg_nano.a(lib_a-nano-vfscanf.o)
                                                  c:/users/parth/chipwh~1/cw/home/portable/armgcc/bin/../lib/gcc/arm-none-eabi/10.2.1/../../../../arm-none-eabi/lib/thumb/v7e-m/nofp\libg_nano.a(lib_a-impure.o)
                                                  c:/users/parth/chipwh~1/cw/home/portable/armgcc/bin/../lib/gcc/arm-none-eabi/10.2.1/../../../../arm-none-eabi/lib/thumb/v7e-m/nofp\libg_nano.a(lib_a-ftello.o)
                                                  c:/users/parth/chipwh~1/cw/home/portable/armgcc/bin/../lib/gcc/arm-none-eabi/10.2.1/../../../../arm-none-eabi/lib/thumb/v7e-m/nofp\libg_nano.a(lib_a-fseeko.o)
__sf_fake_stdout                                  c:/users/parth/chipwh~1/cw/home/portable/armgcc/bin/../lib/gcc/arm-none-eabi/10.2.1/../../../../arm-none-eabi/lib/thumb/v7e-m/nofp\libg_nano.a(lib_a-findfp.o)
                                                  c:/users/parth/chipwh~1/cw/home/portable/armgcc/bin/../lib/gcc/arm-none-eabi/10.2.1/../../../../arm-none-eabi/lib/thumb/v7e-m/nofp\libg_nano.a(lib_a-fflush.o)
                                                  c:/users/parth/chipwh~1/cw/home/portable/armgcc/bin/../lib/gcc/arm-none-eabi/10.2.1/../../../../arm-none-eabi/lib/thumb/v7e-m/nofp\libg_nano.a(lib_a-ungetc.o)